Archive member included to satisfy reference by file (symbol)

arch/arm/lib/lib.a(ashldi3.o)
                              lib/built-in.o (__aeabi_llsl)
arch/arm/lib/lib.a(lib1funcs.o)
                              arch/arm/cpu/armv7/built-in.o (__aeabi_uidiv)
arch/arm/lib/lib.a(lshrdi3.o)
                              drivers/built-in.o (__aeabi_llsr)
arch/arm/lib/lib.a(div0.o)    arch/arm/lib/lib.a(lib1funcs.o) (__div0)

Discarded input sections

 .data          0x0000000000000000        0x0 arch/arm/cpu/armv7/start.o
 .bss           0x0000000000000000        0x0 arch/arm/cpu/armv7/start.o
 .text.mmu_page_table_flush
                0x0000000000000000       0x24 arch/arm/cpu/armv7/built-in.o
 .text.v7_arch_cp15_set_l2aux_ctrl
                0x0000000000000000        0x8 arch/arm/cpu/armv7/built-in.o
 .text.v7_arch_cp15_set_acr
                0x0000000000000000        0x8 arch/arm/cpu/armv7/built-in.o
 .text.sdelay   0x0000000000000000        0xc arch/arm/cpu/armv7/built-in.o
 .text.wait_on_value
                0x0000000000000000       0x38 arch/arm/cpu/armv7/built-in.o
 .text.timer_get_boot_us
                0x0000000000000000       0x90 arch/arm/cpu/armv7/built-in.o
 .data          0x0000000000000000        0x0 arch/arm/cpu/armv7/built-in.o
 .bss           0x0000000000000000        0x0 arch/arm/cpu/armv7/built-in.o
 .text.setup_board_tags
                0x0000000000000000        0x4 arch/arm/lib/built-in.o
 .text.armv7_boot_nonsec_default
                0x0000000000000000        0x8 arch/arm/lib/built-in.o
 .text.invalidate_dcache_range
                0x0000000000000000        0x4 arch/arm/lib/built-in.o
 .text.flush_dcache_range
                0x0000000000000000        0x4 arch/arm/lib/built-in.o
 .text.flush_dcache_all
                0x0000000000000000        0xc arch/arm/lib/built-in.o
 .text.arm_init_before_mmu
                0x0000000000000000        0x4 arch/arm/lib/built-in.o
 .text.mmu_page_table_flush
                0x0000000000000000        0x4 arch/arm/lib/built-in.o
 .text.mmu_set_region_dcache_behaviour
                0x0000000000000000       0x58 arch/arm/lib/built-in.o
 .text.icache_status
                0x0000000000000000        0xc arch/arm/lib/built-in.o
 .text.fdt_psci
                0x0000000000000000        0x8 arch/arm/lib/built-in.o
 .data          0x0000000000000000        0x0 arch/arm/lib/built-in.o
 .__secure_end  0x0000000000000000        0x0 arch/arm/lib/built-in.o
 .__secure_stack_start
                0x0000000000000000        0x0 arch/arm/lib/built-in.o
 .__secure_stack_end
                0x0000000000000000        0x0 arch/arm/lib/built-in.o
 .__secure_start
                0x0000000000000000        0x0 arch/arm/lib/built-in.o
 .bss           0x0000000000000000        0x0 arch/arm/lib/built-in.o
 .text          0x0000000000000000        0x0 board/emulation/qemu-arm/built-in.o
 .data          0x0000000000000000        0x0 board/emulation/qemu-arm/built-in.o
 .bss           0x0000000000000000        0x0 board/emulation/qemu-arm/built-in.o
 .text          0x0000000000000000        0x0 cmd/built-in.o
 .text.bootz_setup
                0x0000000000000000       0x18 cmd/built-in.o
 .data          0x0000000000000000        0x0 cmd/built-in.o
 .bss           0x0000000000000000        0x0 cmd/built-in.o
 .text          0x0000000000000000        0x0 common/built-in.o
 .text.hash_finish_crc32
                0x0000000000000000       0x30 common/built-in.o
 .text.hash_update_crc32
                0x0000000000000000       0x24 common/built-in.o
 .text.hash_init_crc32
                0x0000000000000000       0x24 common/built-in.o
 .text.hash_lookup_algo
                0x0000000000000000       0x28 common/built-in.o
 .text.hash_progressive_lookup_algo
                0x0000000000000000       0x3c common/built-in.o
 .text.hash_parse_string
                0x0000000000000000       0x68 common/built-in.o
 .text.hash_block
                0x0000000000000000       0x6c common/built-in.o
 .text.unset_local_var
                0x0000000000000000       0xa0 common/built-in.o
 .text.dram_init_banksize
                0x0000000000000000       0x24 common/built-in.o
 .text.red_led_off
                0x0000000000000000        0x4 common/built-in.o
 .text.green_led_on
                0x0000000000000000        0x4 common/built-in.o
 .text.green_led_off
                0x0000000000000000        0x4 common/built-in.o
 .text.yellow_led_on
                0x0000000000000000        0x4 common/built-in.o
 .text.yellow_led_off
                0x0000000000000000        0x4 common/built-in.o
 .text.blue_led_on
                0x0000000000000000        0x4 common/built-in.o
 .text.blue_led_off
                0x0000000000000000        0x4 common/built-in.o
 .text.arch_reserve_stacks
                0x0000000000000000        0x8 common/built-in.o
 .text.board_flash_wp_on
                0x0000000000000000        0x8 common/built-in.o
 .text.fixup_cpu
[...]
Memory Configuration

Name             Origin             Length             Attributes
*default*        0x0000000000000000 0xffffffffffffffff

Linker script and memory map

Address of section .text set to 0x0
                0x0000000000000000                . = 0x0
                0x0000000000000000                . = ALIGN (0x4)

.text           0x0000000000000000    0x3dad8
 *(.__image_copy_start)
 .__image_copy_start
                0x0000000000000000        0x0 arch/arm/lib/built-in.o
                0x0000000000000000                __image_copy_start
 *(.vectors)
 .vectors       0x0000000000000000      0x2e8 arch/arm/lib/built-in.o
                0x0000000000000000                _start
                0x0000000000000020                _undefined_instruction
                0x0000000000000024                _software_interrupt
                0x0000000000000028                _prefetch_abort
                0x000000000000002c                _data_abort
                0x0000000000000030                _not_used
                0x0000000000000034                _irq
                0x0000000000000038                _fiq
                0x0000000000000040                IRQ_STACK_START_IN
 arch/arm/cpu/armv7/start.o(.text*)
 .text          0x00000000000002e8       0xb0 arch/arm/cpu/armv7/start.o
                0x00000000000002e8                reset
                0x00000000000002ec                save_boot_params_ret
                0x0000000000000328                c_runtime_cpu_setup
                0x0000000000000338                save_boot_params
                0x000000000000033c                cpu_init_cp15
                0x0000000000000390                cpu_init_crit
 *(.text*)
 .text          0x0000000000000398      0x188 arch/arm/cpu/armv7/built-in.o
                0x0000000000000398                __v7_flush_dcache_all
                0x000000000000042c                v7_flush_dcache_all
                0x000000000000043c                __v7_invalidate_dcache_all
                0x00000000000004d0                v7_invalidate_dcache_all
                0x00000000000004e0                __arm_smccc_smc
                0x0000000000000500                __arm_smccc_hvc
 .text.invalidate_icache_all
                0x0000000000000520       0x18 arch/arm/cpu/armv7/built-in.o
                0x0000000000000520                invalidate_icache_all
 .text.v7_outer_cache_enable
                0x0000000000000538        0x4 arch/arm/cpu/armv7/built-in.o
                0x0000000000000538                v7_outer_cache_enable
 .text.v7_outer_cache_disable
                0x000000000000053c        0x4 arch/arm/cpu/armv7/built-in.o
                0x000000000000053c                v7_outer_cache_disable
 .text.v7_outer_cache_flush_all
                0x0000000000000540        0x4 arch/arm/cpu/armv7/built-in.o
                0x0000000000000540                v7_outer_cache_flush_all
 .text.flush_dcache_all
                0x0000000000000544       0x10 arch/arm/cpu/armv7/built-in.o
                0x0000000000000544                flush_dcache_all
 .text.v7_outer_cache_inval_all
                0x0000000000000554        0x4 arch/arm/cpu/armv7/built-in.o
                0x0000000000000554                v7_outer_cache_inval_all
 .text.invalidate_dcache_all
                0x0000000000000558       0x10 arch/arm/cpu/armv7/built-in.o
                0x0000000000000558                invalidate_dcache_all
 .text.arm_init_before_mmu
                0x0000000000000568       0x28 arch/arm/cpu/armv7/built-in.o
                0x0000000000000568                arm_init_before_mmu
 .text.v7_outer_cache_flush_range
                0x0000000000000590        0x4 arch/arm/cpu/armv7/built-in.o
                0x0000000000000590                v7_outer_cache_flush_range
 .text.flush_dcache_range
                0x0000000000000594       0x54 arch/arm/cpu/armv7/built-in.o
                0x0000000000000594                flush_dcache_range
 .text.v7_outer_cache_inval_range
                0x00000000000005e8        0x4 arch/arm/cpu/armv7/built-in.o
                0x00000000000005e8                v7_outer_cache_inval_range
 .text.invalidate_dcache_range
                0x00000000000005ec       0x64 arch/arm/cpu/armv7/built-in.o
                0x00000000000005ec                invalidate_dcache_range
 .text.cpu_cache_initialization
                0x0000000000000650        0x4 arch/arm/cpu/armv7/built-in.o
                0x0000000000000650                cpu_cache_initialization
 .text.cleanup_before_linux_select
                0x0000000000000654       0x4c arch/arm/cpu/armv7/built-in.o
                0x0000000000000654                cleanup_before_linux_select
 .text.cleanup_before_linux
                0x00000000000006a0        0x8 arch/arm/cpu/armv7/built-in.o
                0x00000000000006a0                cleanup_before_linux
 .text.s_init   0x00000000000006a8        0x4 arch/arm/cpu/armv7/built-in.o
                0x00000000000006a8                s_init
 .text.lowlevel_init
                0x00000000000006ac       0x24 arch/arm/cpu/armv7/built-in.o
                0x00000000000006ac                lowlevel_init
 .text.timer_init
                0x00000000000006d0       0x18 arch/arm/cpu/armv7/built-in.o
                0x00000000000006d0                timer_init
 .text.get_ticks
                0x00000000000006e8       0x2c arch/arm/cpu/armv7/built-in.o
                0x00000000000006e8                get_ticks
 .text.get_timer
                0x0000000000000714       0x4c arch/arm/cpu/armv7/built-in.o
                0x0000000000000714                get_timer
 .text.__udelay
                0x0000000000000760       0xe0 arch/arm/cpu/armv7/built-in.o
                0x0000000000000760                __udelay
 .text.get_tbclk
                0x0000000000000840        0x8 arch/arm/cpu/armv7/built-in.o
                0x0000000000000840                get_tbclk
 *fill*         0x0000000000000848       0x18 
 .text          0x0000000000000860      0x528 arch/arm/lib/built-in.o
                0x0000000000000860                _main
                0x0000000000000900                memset
                0x00000000000009dc                memcpy
 .text.setjmp   0x0000000000000d88       0x10 arch/arm/lib/built-in.o
                0x0000000000000d88                setjmp
 .text.longjmp  0x0000000000000d98       0x1c arch/arm/lib/built-in.o
                0x0000000000000d98                longjmp
 .text.relocate_vectors
                0x0000000000000db4       0x70 arch/arm/lib/built-in.o
                0x0000000000000db4                relocate_vectors
                0x0000000000000dc0                relocate_code
 .text.arch_fixup_fdt
                0x0000000000000e24       0x38 arch/arm/lib/built-in.o
                0x0000000000000e24                arch_fixup_fdt
 .text.boot_prep_linux
                0x0000000000000e5c       0x4c arch/arm/lib/built-in.o
 .text.arch_lmb_reserve
                0x0000000000000ea8       0x24 arch/arm/lib/built-in.o
                0x0000000000000ea8                arch_lmb_reserve
 .text.board_quiesce_devices
                0x0000000000000ecc        0x4 arch/arm/lib/built-in.o
                0x0000000000000ecc                board_quiesce_devices
 .text.boot_jump_linux
                0x0000000000000ed0       0xd0 arch/arm/lib/built-in.o
 .text.do_bootm_linux
                0x0000000000000fa0       0x64 arch/arm/lib/built-in.o
                0x0000000000000fa0                do_bootm_linux
 .text.boot_prep_vxworks
                0x0000000000001004       0x50 arch/arm/lib/built-in.o
                0x0000000000001004                boot_prep_vxworks
 .text.boot_jump_vxworks
                0x0000000000001054        0xc arch/arm/lib/built-in.o
                0x0000000000001054                boot_jump_vxworks
 .text.bootz_setup
                0x0000000000001060       0xa0 arch/arm/lib/built-in.o
                0x0000000000001060                bootz_setup
 .text.arch_reserve_stacks
                0x0000000000001100       0x1c arch/arm/lib/built-in.o
                0x0000000000001100                arch_reserve_stacks
 .text.interrupt_init
                0x000000000000111c       0x1c arch/arm/lib/built-in.o
                0x000000000000111c                interrupt_init
 .text.enable_interrupts
                0x0000000000001138        0x4 arch/arm/lib/built-in.o
                0x0000000000001138                enable_interrupts
 .text.disable_interrupts
                0x000000000000113c        0x8 arch/arm/lib/built-in.o
                0x000000000000113c                disable_interrupts
 .text.bad_mode
                0x0000000000001144       0x10 arch/arm/lib/built-in.o
                0x0000000000001144                bad_mode
 .text.show_regs
                0x0000000000001154      0x174 arch/arm/lib/built-in.o
                0x0000000000001154                show_regs
 .text.do_undefined_instruction
                0x00000000000012c8       0x30 arch/arm/lib/built-in.o
                0x00000000000012c8                do_undefined_instruction
 .text.do_software_interrupt
                0x00000000000012f8       0x30 arch/arm/lib/built-in.o
                0x00000000000012f8                do_software_interrupt
 .text.do_prefetch_abort
                0x0000000000001328       0x30 arch/arm/lib/built-in.o
                0x0000000000001328                do_prefetch_abort
 .text.do_data_abort
                0x0000000000001358       0x30 arch/arm/lib/built-in.o
                0x0000000000001358                do_data_abort
 .text.do_not_used
                0x0000000000001388       0x30 arch/arm/lib/built-in.o
                0x0000000000001388                do_not_used
 .text.do_fiq   0x00000000000013b8       0x30 arch/arm/lib/built-in.o
                0x00000000000013b8                do_fiq
 .text.do_irq   0x00000000000013e8       0x30 arch/arm/lib/built-in.o
                0x00000000000013e8                do_irq
 .text.enable_caches
                0x0000000000001418        0xc arch/arm/lib/built-in.o
                0x0000000000001418                enable_caches
 .text.flush_cache
                0x0000000000001424        0x8 arch/arm/lib/built-in.o
                0x0000000000001424                flush_cache
 .text.check_cache_range
                0x000000000000142c       0x38 arch/arm/lib/built-in.o
                0x000000000000142c                check_cache_range
 .text.arm_init_domains
                0x0000000000001464        0x4 arch/arm/lib/built-in.o
                0x0000000000001464                arm_init_domains
 .text.set_section_dcache
                0x0000000000001468       0x14 arch/arm/lib/built-in.o
                0x0000000000001468                set_section_dcache
 .text.dram_bank_mmu_setup
                0x000000000000147c       0x44 arch/arm/lib/built-in.o
                0x000000000000147c                dram_bank_mmu_setup
 .text.icache_enable
                0x00000000000014c0       0x14 arch/arm/lib/built-in.o
                0x00000000000014c0                icache_enable
 .text.icache_disable
                0x00000000000014d4       0x18 arch/arm/lib/built-in.o
                0x00000000000014d4                icache_disable
 .text.dcache_enable
                0x00000000000014ec       0x84 arch/arm/lib/built-in.o
                0x00000000000014ec                dcache_enable
 .text.dcache_disable
                0x0000000000001570       0x28 arch/arm/lib/built-in.o
                0x0000000000001570                dcache_disable
 .text.dcache_status
                0x0000000000001598        0xc arch/arm/lib/built-in.o
                0x0000000000001598                dcache_status
 .text.board_init
                0x00000000000015a4        0x8 board/emulation/qemu-arm/built-in.o
                0x00000000000015a4                board_init
 .text.dram_init
                0x00000000000015ac       0x14 board/emulation/qemu-arm/built-in.o
                0x00000000000015ac                dram_init
 .text.dram_init_banksize
                0x00000000000015c0       0x10 board/emulation/qemu-arm/built-in.o
                0x00000000000015c0                dram_init_banksize
 .text.board_fdt_blob_setup
                0x00000000000015d0        0x8 board/emulation/qemu-arm/built-in.o
                0x00000000000015d0                board_fdt_blob_setup
 .text.do_go_exec
                0x00000000000015d8       0x10 cmd/built-in.o
                0x00000000000015d8                do_go_exec
 .text.do_go    0x00000000000015e8       0x6c cmd/built-in.o
 .text.do_bootm
                0x0000000000001654      0x10c cmd/built-in.o
                0x0000000000001654                do_bootm
 .text.do_bootd
                0x0000000000001760       0x20 cmd/built-in.o
                0x0000000000001760                do_bootd
 .text.image_info
                0x0000000000001780       0xcc cmd/built-in.o
 .text.do_iminfo
                0x000000000000184c       0x5c cmd/built-in.o
 .text.bootm_maybe_autostart
                0x00000000000018a8       0x78 cmd/built-in.o
                0x00000000000018a8                bootm_maybe_autostart
 .text.do_help  0x0000000000001920       0x44 cmd/built-in.o
 .text.do_version
                0x0000000000001964       0x40 cmd/built-in.o
 .text.blk_common_cmd
                0x00000000000019a4      0x314 cmd/built-in.o
                0x00000000000019a4                blk_common_cmd
 .text.source   0x0000000000001cb8       0xd8 cmd/built-in.o
                0x0000000000001cb8                source
 .text.do_source
                0x0000000000001d90       0x48 cmd/built-in.o
 .text.print_num
                0x0000000000001dd8       0x14 cmd/built-in.o
 .text.do_bdinfo
                0x0000000000001dec       0xfc cmd/built-in.o
 .text.efi_init_obj_list
                0x0000000000001ee8       0x30 cmd/built-in.o
 .text.do_bootefi_exec
                0x0000000000001f18      0x3c4 cmd/built-in.o
 .text.do_bootefi
                0x00000000000022dc      0x12c cmd/built-in.o
 .text.efi_set_bootdev
                0x0000000000002408      0x114 cmd/built-in.o
                0x0000000000002408                efi_set_bootdev
 .text.do_bootz
                0x000000000000251c       0xf8 cmd/built-in.o
                0x000000000000251c                do_bootz
 .text.do_coninfo
                0x0000000000002614       0xb0 cmd/built-in.o
 .text.do_echo  0x00000000000026c4       0xb4 cmd/built-in.o
 .text.load_elf_image_shdr
                0x0000000000002778       0x8c cmd/built-in.o
 .text.valid_elf_image
                0x0000000000002804       0x4c cmd/built-in.o
                0x0000000000002804                valid_elf_image
 .text.do_bootelf
                0x0000000000002850      0x1c4 cmd/built-in.o
                0x0000000000002850                do_bootelf
 .text.do_bootvx
                0x0000000000002a14      0x330 cmd/built-in.o
                0x0000000000002a14                do_bootvx
 .text.do_exit  0x0000000000002d44       0x48 cmd/built-in.o
 .text.do_ext4_size
                0x0000000000002d8c       0x18 cmd/built-in.o
                0x0000000000002d8c                do_ext4_size
 .text.do_ext4_load
                0x0000000000002da4       0x18 cmd/built-in.o
                0x0000000000002da4                do_ext4_load
 .text.do_ext4_ls
                0x0000000000002dbc       0x18 cmd/built-in.o
                0x0000000000002dbc                do_ext4_ls
 .text.do_ext2load
                0x0000000000002dd4       0x18 cmd/built-in.o
                0x0000000000002dd4                do_ext2load
 .text.do_ext2ls
                0x0000000000002dec       0x18 cmd/built-in.o
 .text.do_fat_size
                0x0000000000002e04       0x18 cmd/built-in.o
                0x0000000000002e04                do_fat_size
 .text.do_fat_fsload
                0x0000000000002e1c       0x18 cmd/built-in.o
                0x0000000000002e1c                do_fat_fsload
 .text.do_fat_ls
                0x0000000000002e34       0x18 cmd/built-in.o
 .text.do_fat_fsinfo
                0x0000000000002e4c       0x90 cmd/built-in.o
 .text.fdt_valid
                0x0000000000002edc       0xbc cmd/built-in.o
 .text.is_printable_string
                0x0000000000002f98       0xa8 cmd/built-in.o
 .text.print_data
                0x0000000000003040      0x178 cmd/built-in.o
 .text.set_working_fdt_addr
                0x00000000000031b8       0x1c cmd/built-in.o
                0x00000000000031b8                set_working_fdt_addr
 .text.do_fdt   0x00000000000031d4      0xf50 cmd/built-in.o
 .text.do_flerase
                0x0000000000004124        0x8 cmd/built-in.o
 .text.do_protect
                0x000000000000412c       0x10 cmd/built-in.o
 .text.do_flinfo
                0x000000000000413c        0x8 cmd/built-in.o
 .text.do_size_wrapper
                0x0000000000004144       0x18 cmd/built-in.o
 .text.do_load_wrapper
                0x000000000000415c       0x64 cmd/built-in.o
 .text.do_save_wrapper
                0x00000000000041c0       0x18 cmd/built-in.o
 .text.do_ls_wrapper
                0x00000000000041d8       0x18 cmd/built-in.o
 .text.do_fstype_wrapper
                0x00000000000041f0        0x4 cmd/built-in.o
 .text.evalexp  0x00000000000041f4       0x7c cmd/built-in.o
 .text.evalstr  0x0000000000004270       0x6c cmd/built-in.o
 .text.binary_test
                0x00000000000042dc      0x1c0 cmd/built-in.o
 .text.do_itest
                0x000000000000449c       0x88 cmd/built-in.o
 .text.bin_data_init
                0x0000000000004524       0x2c cmd/built-in.o
 .text.k_data_save
                0x0000000000004550       0x4c cmd/built-in.o
 .text.k_data_restore
                0x000000000000459c       0x4c cmd/built-in.o
 .text.getcxmodem
                0x00000000000045e8       0x20 cmd/built-in.o
 .text.load_serial_ymodem
                0x0000000000004608       0xd0 cmd/built-in.o
 .text.bin_data_char
                0x00000000000046d8       0x2c cmd/built-in.o
 .text.chk1.constprop.1
                0x0000000000004704       0x2c cmd/built-in.o
 .text.s1_sendpacket.constprop.2
                0x0000000000004730       0x50 cmd/built-in.o
 .text.load_serial
                0x0000000000004780      0x1f0 cmd/built-in.o
 .text.do_load_serial
                0x0000000000004970       0xdc cmd/built-in.o
 .text.do_load_serial_bin
                0x0000000000004a4c      0x7a0 cmd/built-in.o
 .text.do_mem_mw
                0x00000000000051ec       0xc0 cmd/built-in.o
 .text.do_mem_loop
                0x00000000000052ac       0xec cmd/built-in.o
 .text.do_mem_md
                0x0000000000005398       0xe4 cmd/built-in.o
 .text.do_mem_cmp
                0x000000000000547c      0x168 cmd/built-in.o
 .text.do_mem_base
                0x00000000000055e4       0x40 cmd/built-in.o
 .text.do_mem_cp
                0x0000000000005624       0xac cmd/built-in.o
 .text.do_mem_crc
                0x00000000000056d0       0x48 cmd/built-in.o
 .text.mod_mem.isra.0
                0x0000000000005718      0x174 cmd/built-in.o
 .text.do_mem_mm
                0x000000000000588c        0x8 cmd/built-in.o
 .text.do_mem_nm
                0x0000000000005894        0x8 cmd/built-in.o
 .text.extract_range
                0x000000000000589c       0x54 cmd/built-in.o
 .text.do_mii   0x00000000000058f0      0x904 cmd/built-in.o
 .text.do_sleep
                0x00000000000061f4       0xcc cmd/built-in.o
 .text.netboot_common
                0x00000000000062c0      0x284 cmd/built-in.o
 .text.do_bootp
                0x0000000000006544        0xc cmd/built-in.o
 .text.do_dhcp  0x0000000000006550        0xc cmd/built-in.o
 .text.do_nfs   0x000000000000655c        0xc cmd/built-in.o
 .text.do_tftpb
                0x0000000000006568       0x40 cmd/built-in.o
                0x0000000000006568                do_tftpb
 .text.do_ping  0x00000000000065a8       0x78 cmd/built-in.o
 .text.do_part_list
                0x0000000000006620      0x188 cmd/built-in.o
 .text.do_part_start
                0x00000000000067a8       0xc0 cmd/built-in.o
 .text.do_part_size
                0x0000000000006868       0xc0 cmd/built-in.o
 .text.do_part  0x0000000000006928      0x118 cmd/built-in.o
 .text.pci_show_regs
                0x0000000000006a40       0x98 cmd/built-in.o
 .text.pci_cfg_modify.isra.0
                0x0000000000006ad8      0x110 cmd/built-in.o
 .text.pci_bar_show
                0x0000000000006be8      0x218 cmd/built-in.o
                0x0000000000006be8                pci_bar_show
 .text.pci_header_show
                0x0000000000006e00       0xc8 cmd/built-in.o
                0x0000000000006e00                pci_header_show
 .text.pciinfo_header
                0x0000000000006ec8       0x3c cmd/built-in.o
                0x0000000000006ec8                pciinfo_header
 .text.do_pci   0x0000000000006f04      0x634 cmd/built-in.o
 .text.eol_or_eof
                0x0000000000007538       0x20 cmd/built-in.o
 .text.do_pxe   0x0000000000007558       0x7c cmd/built-in.o
 .text.label_print
                0x00000000000075d4       0x1c cmd/built-in.o
 .text.do_get_tftp
                0x00000000000075f0       0x44 cmd/built-in.o
 .text.from_env
                0x0000000000007634       0x2c cmd/built-in.o
 .text.get_string
                0x0000000000007660       0xd0 cmd/built-in.o
 .text.label_destroy
                0x0000000000007730       0x74 cmd/built-in.o
 .text.destroy_pxe_menu
                0x00000000000077a4       0x5c cmd/built-in.o
 .text.get_token
                0x0000000000007800      0x11c cmd/built-in.o
 .text.parse_sliteral
                0x000000000000791c       0x54 cmd/built-in.o
 .text.parse_integer
                0x0000000000007970       0x70 cmd/built-in.o
 .text.do_get_any
                0x00000000000079e0       0x44 cmd/built-in.o
 .text.do_get_fat
                0x0000000000007a24       0x3c cmd/built-in.o
 .text.do_get_ext2
                0x0000000000007a60       0x3c cmd/built-in.o
 .text.format_mac_pxe.constprop.6
                0x0000000000007a9c       0x74 cmd/built-in.o
 .text.get_relfile
                0x0000000000007b10      0x138 cmd/built-in.o
 .text.get_pxe_file
                0x0000000000007c48       0x58 cmd/built-in.o
 .text.handle_include
                0x0000000000007ca0       0xa0 cmd/built-in.o
 .text.parse_pxefile_top
                0x0000000000007d40      0x460 cmd/built-in.o
 .text.parse_pxefile
                0x00000000000081a0       0x6c cmd/built-in.o
 .text.get_pxelinux_path
                0x000000000000820c       0x7c cmd/built-in.o
 .text.do_pxe_get
                0x0000000000008288      0x164 cmd/built-in.o
 .text.get_relfile_envaddr
                0x00000000000083ec       0x50 cmd/built-in.o
 .text.label_boot
                0x000000000000843c      0x594 cmd/built-in.o
 .text.handle_pxe_menu
                0x00000000000089d0      0x160 cmd/built-in.o
 .text.do_pxe_boot
                0x0000000000008b30       0xdc cmd/built-in.o
 .text.do_sysboot
                0x0000000000008c0c      0x1e8 cmd/built-in.o
 .text.do_nvme  0x0000000000008df4       0xac cmd/built-in.o
 .text.do_scsiboot
                0x0000000000008ea0        0xc cmd/built-in.o
 .text.do_scsi  0x0000000000008eac       0x8c cmd/built-in.o
 .text.common_diskboot
                0x0000000000008f38      0x22c cmd/built-in.o
                0x0000000000008f38                common_diskboot
 .text.substitute
                0x0000000000009164       0xf0 cmd/built-in.o
 .text.get_arg  0x0000000000009254       0x58 cmd/built-in.o
 .text.regex_sub
                0x00000000000092ac      0x450 cmd/built-in.o
 .text.do_setexpr
                0x00000000000096fc      0x1a0 cmd/built-in.o
 .text.do_false
                0x000000000000989c        0x8 cmd/built-in.o
 .text.do_true  0x00000000000098a4        0x8 cmd/built-in.o
 .text.do_test  0x00000000000098ac      0x338 cmd/built-in.o
 .text.usb_get_class_desc
                0x0000000000009be4       0xbc cmd/built-in.o
 .text.usb_display_class_sub
                0x0000000000009ca0      0x170 cmd/built-in.o
 .text.usb_display_desc
                0x0000000000009e10      0x150 cmd/built-in.o
 .text.usb_show_tree_graph
                0x0000000000009f60      0x1dc cmd/built-in.o
 .text.usb_show_subtree
                0x000000000000a13c       0x30 cmd/built-in.o
 .text.usb_for_each_root_dev
                0x000000000000a16c       0x68 cmd/built-in.o
 .text.usb_display_string
                0x000000000000a1d4       0x44 cmd/built-in.o
 .text.usb_display_config
                0x000000000000a218      0x20c cmd/built-in.o
 .text.usb_show_info
                0x000000000000a424       0x54 cmd/built-in.o
 .text.usb_find_device
                0x000000000000a478       0xb4 cmd/built-in.o
 .text.usb_show_tree
                0x000000000000a52c        0xc cmd/built-in.o
                0x000000000000a52c                usb_show_tree
 .text.do_usb   0x000000000000a538      0x3c8 cmd/built-in.o
 .text.do_imgextract
                0x000000000000a900      0x290 cmd/built-in.o
 .text.do_env_delete
                0x000000000000ab90       0xa0 cmd/built-in.o
 .text.do_env_exists
                0x000000000000ac30       0x64 cmd/built-in.o
 .text.do_env   0x000000000000ac94       0x68 cmd/built-in.o
 .text.env_print
                0x000000000000acfc       0xc0 cmd/built-in.o
 .text.do_env_print
                0x000000000000adbc       0xc8 cmd/built-in.o
 .text.do_env_import
                0x000000000000ae84      0x264 cmd/built-in.o
 .text.do_env_default
                0x000000000000b0e8       0xa8 cmd/built-in.o
 .text._do_env_set.isra.0
                0x000000000000b190      0x1bc cmd/built-in.o
 .text.do_env_set
                0x000000000000b34c       0x20 cmd/built-in.o
 .text.get_env_id
                0x000000000000b36c       0x10 cmd/built-in.o
                0x000000000000b36c                get_env_id
 .text.env_set  0x000000000000b37c       0x60 cmd/built-in.o
                0x000000000000b37c                env_set
 .text.env_set_ulong
                0x000000000000b3dc       0x20 cmd/built-in.o
                0x000000000000b3dc                env_set_ulong
 .text.env_set_hex
                0x000000000000b3fc       0x34 cmd/built-in.o
                0x000000000000b3fc                env_set_hex
 .text.do_env_export
                0x000000000000b430      0x230 cmd/built-in.o
 .text.envmatch
                0x000000000000b660       0x6c cmd/built-in.o
                0x000000000000b660                envmatch
 .text.env_get_f
                0x000000000000b6cc       0xc4 cmd/built-in.o
                0x000000000000b6cc                env_get_f
 .text.env_get  0x000000000000b790       0x78 cmd/built-in.o
                0x000000000000b790                env_get
 .text.env_get_hex
                0x000000000000b808       0x3c cmd/built-in.o
                0x000000000000b808                env_get_hex
 .text.env_get_ulong
                0x000000000000b844       0x30 cmd/built-in.o
                0x000000000000b844                env_get_ulong
 .text.do_env_edit.part.2
                0x000000000000b874       0xa4 cmd/built-in.o
 .text.do_env_edit
                0x000000000000b918       0x2c cmd/built-in.o
 .text.board_init_f_alloc_reserve
                0x000000000000b944       0x10 common/built-in.o
                0x000000000000b944                board_init_f_alloc_reserve
 .text.board_init_f_init_reserve
                0x000000000000b954       0x20 common/built-in.o
                0x000000000000b954                board_init_f_init_reserve
 .text.show_boot_progress
                0x000000000000b974        0x8 common/built-in.o
                0x000000000000b974                show_boot_progress
 .text.main_loop
                0x000000000000b97c       0x6c common/built-in.o
                0x000000000000b97c                main_loop
 .text.mdelay   0x000000000000b9e8       0x24 common/built-in.o
 .text.dummy    0x000000000000ba0c        0x4 common/built-in.o
 .text.get_version
                0x000000000000ba10        0x8 common/built-in.o
                0x000000000000ba10                get_version
 .text.jumptable_init
                0x000000000000ba18      0x1e0 common/built-in.o
                0x000000000000ba18                jumptable_init
 .text.hash_command
                0x000000000000bbf8       0xb4 common/built-in.o
                0x000000000000bbf8                hash_command
 .text.b_reset  0x000000000000bcac       0x1c common/built-in.o
 .text.static_get
                0x000000000000bcc8       0x1c common/built-in.o
 .text.file_peek
                0x000000000000bce4        0xc common/built-in.o
 .text.mapset   0x000000000000bcf0       0x20 common/built-in.o
 .text.syntax_err
                0x000000000000bd10        0xc common/built-in.o
 .text.free_pipe_list
                0x000000000000bd1c       0xf4 common/built-in.o
 .text.xmalloc  0x000000000000be10       0x20 common/built-in.o
 .text.new_pipe
                0x000000000000be30       0x28 common/built-in.o
 .text.xrealloc
                0x000000000000be58       0x20 common/built-in.o
 .text.done_command
                0x000000000000be78       0x88 common/built-in.o
 .text.done_pipe
                0x000000000000bf00       0x48 common/built-in.o
 .text.done_word
                0x000000000000bf48      0x2e4 common/built-in.o
 .text.do_showvar
                0x000000000000c22c      0x100 common/built-in.o
 .text.is_assignment
                0x000000000000c32c       0x5c common/built-in.o
 .text.file_get
                0x000000000000c388      0x1ec common/built-in.o
 .text.b_addchr
                0x000000000000c574       0x80 common/built-in.o
 .text.b_addqchr
                0x000000000000c5f4       0x50 common/built-in.o
 .text.static_peek
                0x000000000000c644        0xc common/built-in.o
 .text.get_local_var
                0x000000000000c650       0xa0 common/built-in.o
                0x000000000000c650                get_local_var
 .text.set_local_var
                0x000000000000c6f0      0x1bc common/built-in.o
                0x000000000000c6f0                set_local_var
 .text.insert_var_value_sub
                0x000000000000c8ac      0x2c0 common/built-in.o
 .text.parse_string_outer
                0x000000000000cb6c       0xe4 common/built-in.o
                0x000000000000cb6c                parse_string_outer
 .text.run_list_real
                0x000000000000cc50      0x7c0 common/built-in.o
 .text.parse_stream_outer
                0x000000000000d410      0x6d0 common/built-in.o
 .text.parse_file_outer
                0x000000000000dae0       0x44 common/built-in.o
                0x000000000000dae0                parse_file_outer
 .text.u_boot_hush_start
                0x000000000000db24       0x54 common/built-in.o
                0x000000000000db24                u_boot_hush_start
 .text.bootdelay_process
                0x000000000000db78       0xb4 common/built-in.o
                0x000000000000db78                bootdelay_process
 .text.autoboot_command
                0x000000000000dc2c       0xfc common/built-in.o
                0x000000000000dc2c                autoboot_command
 .text.setup_mon_len
                0x000000000000dd28       0x20 common/built-in.o
 .text.reserve_round_4k
                0x000000000000dd48       0x18 common/built-in.o
 .text.reserve_mmu
                0x000000000000dd60       0x38 common/built-in.o
                0x000000000000dd60                reserve_mmu
 .text.reserve_uboot
                0x000000000000dd98       0x30 common/built-in.o
 .text.reserve_malloc
                0x000000000000ddc8       0x18 common/built-in.o
 .text.reserve_global_data
                0x000000000000dde0       0x1c common/built-in.o
 .text.reserve_fdt
                0x000000000000ddfc       0x4c common/built-in.o
 .text.initf_console_record
                0x000000000000de48        0x8 common/built-in.o
 .text.arch_cpu_init_dm
                0x000000000000de50        0x8 common/built-in.o
                0x000000000000de50                arch_cpu_init_dm
 .text.setup_reloc
                0x000000000000de58       0x38 common/built-in.o
 .text.reloc_fdt
                0x000000000000de90       0x44 common/built-in.o
 .text.reserve_board
                0x000000000000ded4       0x40 common/built-in.o
 .text.announce_dram_init
                0x000000000000df14       0x18 common/built-in.o
 .text.init_baud_rate
                0x000000000000df2c       0x2c common/built-in.o
 .text.initf_dm
                0x000000000000df58        0x8 common/built-in.o
 .text.initf_bootstage
                0x000000000000df60       0x14 common/built-in.o
 .text.reserve_arch
                0x000000000000df74        0x8 common/built-in.o
                0x000000000000df74                reserve_arch
 .text.display_text_info
                0x000000000000df7c        0x8 common/built-in.o
 .text.arch_cpu_init
                0x000000000000df84        0x8 common/built-in.o
                0x000000000000df84                arch_cpu_init
 .text.mach_cpu_init
                0x000000000000df8c        0x8 common/built-in.o
                0x000000000000df8c                mach_cpu_init
 .text.reserve_video
                0x000000000000df94        0x8 common/built-in.o
 .text.reserve_trace
                0x000000000000df9c        0x8 common/built-in.o
 .text.setup_machine
                0x000000000000dfa4        0x8 common/built-in.o
 .text.reserve_bootstage
                0x000000000000dfac        0x8 common/built-in.o
 .text.display_new_sp
                0x000000000000dfb4        0x8 common/built-in.o
 .text.reloc_bootstage
                0x000000000000dfbc        0x8 common/built-in.o
 .text.coloured_LED_init
                0x000000000000dfc4        0x4 common/built-in.o
                0x000000000000dfc4                coloured_LED_init
 .text.red_led_on
                0x000000000000dfc8        0x4 common/built-in.o
                0x000000000000dfc8                red_led_on
 .text.board_add_ram_info
                0x000000000000dfcc        0x4 common/built-in.o
                0x000000000000dfcc                board_add_ram_info
 .text.show_dram_config
                0x000000000000dfd0       0x38 common/built-in.o
 .text.board_get_usable_ram_top
                0x000000000000e008       0x14 common/built-in.o
                0x000000000000e008                board_get_usable_ram_top
 .text.setup_dest_addr
                0x000000000000e01c       0x3c common/built-in.o
 .text.reserve_stacks
                0x000000000000e058       0x1c common/built-in.o
 .text.board_init_f
                0x000000000000e074       0x28 common/built-in.o
                0x000000000000e074                board_init_f
 .text.bootstage_relocate
                0x000000000000e09c        0x8 common/built-in.o
 .text.initr_reloc
                0x000000000000e0a4       0x18 common/built-in.o
 .text.power_init_board
                0x000000000000e0bc        0x8 common/built-in.o
                0x000000000000e0bc                power_init_board
 .text.initr_announce
                0x000000000000e0c4        0x8 common/built-in.o
 .text.run_main_loop
                0x000000000000e0cc        0xc common/built-in.o
 .text.initr_net
                0x000000000000e0d8       0x1c common/built-in.o
 .text.initr_ethaddr
                0x000000000000e0f4       0x20 common/built-in.o
 .text.initr_enable_interrupts
                0x000000000000e114       0x10 common/built-in.o
 .text.initr_jumptable
                0x000000000000e124       0x10 common/built-in.o
 .text.initr_env
                0x000000000000e134       0x64 common/built-in.o
 .text.initr_serial
                0x000000000000e198       0x10 common/built-in.o
 .text.initr_dm
                0x000000000000e1a8       0x14 common/built-in.o
 .text.initr_bootstage
                0x000000000000e1bc       0x14 common/built-in.o
 .text.initr_malloc
                0x000000000000e1d0       0x24 common/built-in.o
 .text.initr_reloc_global_data
                0x000000000000e1f4       0x38 common/built-in.o
 .text.initr_caches
                0x000000000000e22c       0x10 common/built-in.o
 .text.initr_console_record
                0x000000000000e23c        0x8 common/built-in.o
 .text.initr_trace
                0x000000000000e244        0x8 common/built-in.o
 .text.initr_pci
                0x000000000000e24c        0x8 common/built-in.o
 .text.initr_barrier
                0x000000000000e254        0x8 common/built-in.o
 .text.cpu_secondary_init_r
                0x000000000000e25c        0x4 common/built-in.o
                0x000000000000e25c                cpu_secondary_init_r
 .text.initr_secondary_cpu
                0x000000000000e260       0x10 common/built-in.o
 .text.board_init_r
                0x000000000000e270       0x14 common/built-in.o
                0x000000000000e270                board_init_r
 .text.bootm_find_images
                0x000000000000e284       0xa8 common/built-in.o
                0x000000000000e284                bootm_find_images
 .text.bootm_decomp_image
                0x000000000000e32c      0x14c common/built-in.o
                0x000000000000e32c                bootm_decomp_image
 .text.bootm_disable_interrupts
                0x000000000000e478       0x18 common/built-in.o
                0x000000000000e478                bootm_disable_interrupts
 .text.do_bootm_states
                0x000000000000e490      0x728 common/built-in.o
                0x000000000000e490                do_bootm_states
 .text.copy_args
                0x000000000000ebb8       0x54 common/built-in.o
 .text.do_bootm_rtems
                0x000000000000ec0c       0x40 common/built-in.o
 .text.do_bootm_plan9
                0x000000000000ec4c       0xa4 common/built-in.o
 .text.do_bootm_standalone
                0x000000000000ecf0       0x64 common/built-in.o
 .text.do_bootm_qnxelf
                0x000000000000ed54       0x78 common/built-in.o
 .text.do_bootm_netbsd
                0x000000000000edcc       0xf8 common/built-in.o
 .text.do_bootvx_fdt
                0x000000000000eec4      0x118 common/built-in.o
                0x000000000000eec4                do_bootvx_fdt
 .text.do_bootm_vxworks
                0x000000000000efdc       0x24 common/built-in.o
 .text.arch_preboot_os
                0x000000000000f000        0x4 common/built-in.o
                0x000000000000f000                arch_preboot_os
 .text.boot_selected_os
                0x000000000000f004       0x58 common/built-in.o
                0x000000000000f004                boot_selected_os
 .text.bootm_os_get_boot_func
                0x000000000000f05c       0x10 common/built-in.o
                0x000000000000f05c                bootm_os_get_boot_func
 .text.of_bus_default_map
                0x000000000000f06c       0xdc common/built-in.o
 .text.fdt_support_default_count_cells
                0x000000000000f148       0x58 common/built-in.o
                0x000000000000f148                fdt_support_default_count_cells
 .text.of_bus_default_translate
                0x000000000000f1a0       0xa0 common/built-in.o
 .text.fdt_find_and_setprop
                0x000000000000f240       0x70 common/built-in.o
                0x000000000000f240                fdt_find_and_setprop
 .text.fdt_find_or_add_subnode
                0x000000000000f2b0       0x60 common/built-in.o
                0x000000000000f2b0                fdt_find_or_add_subnode
 .text.fdt_root
                0x000000000000f310       0x90 common/built-in.o
                0x000000000000f310                fdt_root
 .text.fdt_initrd
                0x000000000000f3a0      0x1cc common/built-in.o
                0x000000000000f3a0                fdt_initrd
 .text.fdt_chosen
                0x000000000000f56c       0xa8 common/built-in.o
                0x000000000000f56c                fdt_chosen
 .text.do_fixup_by_path
                0x000000000000f614       0x54 common/built-in.o
                0x000000000000f614                do_fixup_by_path
 .text.fdt_fixup_memory_banks
                0x000000000000f668      0x1b0 common/built-in.o
                0x000000000000f668                fdt_fixup_memory_banks
 .text.fdt_fixup_memory
                0x000000000000f818       0x20 common/built-in.o
                0x000000000000f818                fdt_fixup_memory
 .text.fdt_fixup_ethernet
                0x000000000000f838      0x1b4 common/built-in.o
                0x000000000000f838                fdt_fixup_ethernet
 .text.fdt_shrink_to_minimum
                0x000000000000f9ec       0xd4 common/built-in.o
                0x000000000000f9ec                fdt_shrink_to_minimum
 .text.fdt_translate_address
                0x000000000000fac0      0x29c common/built-in.o
                0x000000000000fac0                fdt_translate_address
 .text.miiphy_get_dev_by_name
                0x000000000000fd5c       0x60 common/built-in.o
                0x000000000000fd5c                miiphy_get_dev_by_name
 .text.miiphy_init
                0x000000000000fdbc       0x24 common/built-in.o
                0x000000000000fdbc                miiphy_init
 .text.miiphy_set_current_dev
                0x000000000000fde0       0x40 common/built-in.o
                0x000000000000fde0                miiphy_set_current_dev
 .text.miiphy_get_active_dev
                0x000000000000fe20       0x54 common/built-in.o
 .text.miiphy_get_current_dev
                0x000000000000fe74       0x18 common/built-in.o
                0x000000000000fe74                miiphy_get_current_dev
 .text.miiphy_read
                0x000000000000fe8c       0x4c common/built-in.o
                0x000000000000fe8c                miiphy_read
 .text.miiphy_write
                0x000000000000fed8       0x40 common/built-in.o
                0x000000000000fed8                miiphy_write
 .text.miiphy_listdev
                0x000000000000ff18       0x78 common/built-in.o
                0x000000000000ff18                miiphy_listdev
 .text.miiphy_info
                0x000000000000ff90       0x88 common/built-in.o
                0x000000000000ff90                miiphy_info
 .text.miiphy_speed
                0x0000000000010018       0xc8 common/built-in.o
                0x0000000000010018                miiphy_speed
 .text.miiphy_duplex
                0x00000000000100e0       0xc0 common/built-in.o
                0x00000000000100e0                miiphy_duplex
 .text.miiphy_is_1000base_x
                0x00000000000101a0        0x8 common/built-in.o
                0x00000000000101a0                miiphy_is_1000base_x
 .text.usb_set_maxpacket_ep
                0x00000000000101a8       0x70 common/built-in.o
 .text.usb_control_msg
                0x0000000000010218       0x9c common/built-in.o
                0x0000000000010218                usb_control_msg
 .text.usb_get_descriptor
                0x00000000000102b4       0x58 common/built-in.o
 .text.get_descriptor_len
                0x000000000001030c       0x90 common/built-in.o
 .text.usb_setup_descriptor
                0x000000000001039c       0xd8 common/built-in.o
 .text.usb_get_string
                0x0000000000010474       0x74 common/built-in.o
 .text.usb_string_sub
                0x00000000000104e8      0x108 common/built-in.o
 .text.usb_maxpacket
                0x00000000000105f0       0x1c common/built-in.o
                0x00000000000105f0                usb_maxpacket
 .text.usb_get_configuration_len
                0x000000000001060c       0x74 common/built-in.o
                0x000000000001060c                usb_get_configuration_len
 .text.usb_get_configuration_no
                0x0000000000010680       0x34 common/built-in.o
                0x0000000000010680                usb_get_configuration_no
 .text.usb_set_interface
                0x00000000000106b4       0xb4 common/built-in.o
                0x00000000000106b4                usb_set_interface
 .text.usb_string
                0x0000000000010768      0x100 common/built-in.o
                0x0000000000010768                usb_string
 .text.usb_select_config
                0x0000000000010868      0x480 common/built-in.o
                0x0000000000010868                usb_select_config
 .text.usb_setup_device
                0x0000000000010ce8      0x110 common/built-in.o
                0x0000000000010ce8                usb_setup_device
 .text.usb_device_has_child_on_port
                0x0000000000010df8        0x8 common/built-in.o
                0x0000000000010df8                usb_device_has_child_on_port
 .text.usb_find_usb2_hub_address_port
                0x0000000000010e00       0x78 common/built-in.o
                0x0000000000010e00                usb_find_usb2_hub_address_port
 .text.usb_set_port_feature
                0x0000000000010e78       0x4c common/built-in.o
 .text.usb_clear_port_feature
                0x0000000000010ec4       0x4c common/built-in.o
 .text.usb_get_hub_descriptor
                0x0000000000010f10       0x5c common/built-in.o
 .text.usb_hub_reset_devices
                0x0000000000010f6c        0x4 common/built-in.o
                0x0000000000010f6c                usb_hub_reset_devices
 .text.usb_hub_is_root_hub
                0x0000000000010f70       0x18 common/built-in.o
                0x0000000000010f70                usb_hub_is_root_hub
 .text.usb_get_port_status
                0x0000000000010f88       0xac common/built-in.o
                0x0000000000010f88                usb_get_port_status
 .text.usb_hub_port_connect_change
                0x0000000000011034      0x184 common/built-in.o
                0x0000000000011034                usb_hub_port_connect_change
 .text.usb_hub_configure
                0x00000000000111b8      0x5c8 common/built-in.o
 .text.usb_hub_scan
                0x0000000000011780       0x10 common/built-in.o
                0x0000000000011780                usb_hub_scan
 .text.usb_hub_post_probe
                0x0000000000011790        0x4 common/built-in.o
 .text.menu_display_statusline
                0x0000000000011794        0x4 common/built-in.o
                0x0000000000011794                menu_display_statusline
 .text.menu_default_set
                0x0000000000011798       0x88 common/built-in.o
                0x0000000000011798                menu_default_set
 .text.menu_get_choice
                0x0000000000011820      0x1fc common/built-in.o
                0x0000000000011820                menu_get_choice
 .text.menu_item_add
                0x0000000000011a1c       0xdc common/built-in.o
                0x0000000000011a1c                menu_item_add
 .text.menu_create
                0x0000000000011af8       0x90 common/built-in.o
                0x0000000000011af8                menu_create
 .text.menu_destroy
                0x0000000000011b88       0x74 common/built-in.o
                0x0000000000011b88                menu_destroy
 .text.delete_char.part.0
                0x0000000000011bfc       0xd4 common/built-in.o
 .text.cread_add_char
                0x0000000000011cd0       0xe8 common/built-in.o
 .text.cli_readline_into_buffer
                0x0000000000011db8      0xa7c common/built-in.o
                0x0000000000011db8                cli_readline_into_buffer
 .text.cli_readline
                0x0000000000012834       0x14 common/built-in.o
                0x0000000000012834                cli_readline
 .text.cli_simple_process_macros
                0x0000000000012848      0x20c common/built-in.o
                0x0000000000012848                cli_simple_process_macros
 .text.console_setfile
                0x0000000000012a54       0xc0 common/built-in.o
 .text.putc     0x0000000000012b14       0x34 common/built-in.o
                0x0000000000012b14                putc
 .text.puts     0x0000000000012b48       0x34 common/built-in.o
                0x0000000000012b48                puts
 .text.fgetc    0x0000000000012b7c       0x24 common/built-in.o
                0x0000000000012b7c                fgetc
 .text.getc     0x0000000000012ba0       0x24 common/built-in.o
                0x0000000000012ba0                getc
 .text.ftstc    0x0000000000012bc4       0x24 common/built-in.o
                0x0000000000012bc4                ftstc
 .text.tstc     0x0000000000012be8       0x24 common/built-in.o
                0x0000000000012be8                tstc
 .text.fputs    0x0000000000012c0c       0x1c common/built-in.o
                0x0000000000012c0c                fputs
 .text.ctrlc    0x0000000000012c28       0x58 common/built-in.o
                0x0000000000012c28                ctrlc
 .text.disable_ctrlc
                0x0000000000012c80       0x18 common/built-in.o
                0x0000000000012c80                disable_ctrlc
 .text.had_ctrlc
                0x0000000000012c98       0x10 common/built-in.o
                0x0000000000012c98                had_ctrlc
 .text.clear_ctrlc
                0x0000000000012ca8       0x14 common/built-in.o
                0x0000000000012ca8                clear_ctrlc
 .text.search_device
                0x0000000000012cbc       0x28 common/built-in.o
                0x0000000000012cbc                search_device
 .text.console_assign
                0x0000000000012ce4       0x48 common/built-in.o
                0x0000000000012ce4                console_assign
 .text.on_console
                0x0000000000012d2c       0xb8 common/built-in.o
 .text.console_init_f
                0x0000000000012de4       0x10 common/built-in.o
                0x0000000000012de4                console_init_f
 .text.stdio_print_current_devices
                0x0000000000012df4       0xb0 common/built-in.o
                0x0000000000012df4                stdio_print_current_devices
 .text.console_init_r
                0x0000000000012ea4       0xd8 common/built-in.o
                0x0000000000012ea4                console_init_r
 .text.sbrk     0x0000000000012f7c       0x6c common/built-in.o
                0x0000000000012f7c                sbrk
 .text.mem_malloc_init
                0x0000000000012fe8       0x34 common/built-in.o
                0x0000000000012fe8                mem_malloc_init
 .text.malloc_trim
                0x000000000001301c       0xcc common/built-in.o
                0x000000000001301c                malloc_trim
 .text.free     0x00000000000130e8      0x244 common/built-in.o
                0x00000000000130e8                free
 .text.malloc   0x000000000001332c      0x618 common/built-in.o
                0x000000000001332c                malloc
 .text.calloc   0x0000000000013944      0x144 common/built-in.o
                0x0000000000013944                calloc
 .text.realloc  0x0000000000013a88      0x4e0 common/built-in.o
                0x0000000000013a88                realloc
 .text.memalign
                0x0000000000013f68      0x170 common/built-in.o
                0x0000000000013f68                memalign
 .text.initf_malloc
                0x00000000000140d8       0x18 common/built-in.o
                0x00000000000140d8                initf_malloc
 .text.malloc_simple
                0x00000000000140f0       0x30 common/built-in.o
                0x00000000000140f0                malloc_simple
 .text.on_loadaddr
                0x0000000000014120       0x38 common/built-in.o
 .text.image_check_hcrc
                0x0000000000014158       0x4c common/built-in.o
                0x0000000000014158                image_check_hcrc
 .text.image_check_dcrc
                0x00000000000141a4       0x38 common/built-in.o
                0x00000000000141a4                image_check_dcrc
 .text.image_multi_count
                0x00000000000141dc       0x1c common/built-in.o
                0x00000000000141dc                image_multi_count
 .text.image_multi_getimg
                0x00000000000141f8       0x80 common/built-in.o
                0x00000000000141f8                image_multi_getimg
 .text.env_get_bootm_low
                0x0000000000014278       0x30 common/built-in.o
                0x0000000000014278                env_get_bootm_low
 .text.env_get_bootm_size
                0x00000000000142a8       0x68 common/built-in.o
                0x00000000000142a8                env_get_bootm_size
 .text.env_get_bootm_mapsize
                0x0000000000014310       0x30 common/built-in.o
                0x0000000000014310                env_get_bootm_mapsize
 .text.memmove_wd
                0x0000000000014340        0xc common/built-in.o
                0x0000000000014340                memmove_wd
 .text.genimg_print_size
                0x000000000001434c       0x30 common/built-in.o
                0x000000000001434c                genimg_print_size
 .text.get_table_entry
                0x000000000001437c       0x24 common/built-in.o
                0x000000000001437c                get_table_entry
 .text.get_table_entry_name
                0x00000000000143a0       0x20 common/built-in.o
                0x00000000000143a0                get_table_entry_name
 .text.genimg_get_os_name
                0x00000000000143c0       0x18 common/built-in.o
                0x00000000000143c0                genimg_get_os_name
 .text.genimg_get_arch_name
                0x00000000000143d8       0x18 common/built-in.o
                0x00000000000143d8                genimg_get_arch_name
 .text.genimg_get_type_name
                0x00000000000143f0       0x18 common/built-in.o
                0x00000000000143f0                genimg_get_type_name
 .text.genimg_get_comp_name
                0x0000000000014408       0x18 common/built-in.o
                0x0000000000014408                genimg_get_comp_name
 .text.image_print_contents
                0x0000000000014420      0x1ac common/built-in.o
                0x0000000000014420                image_print_contents
 .text.genimg_get_kernel_addr_fit
                0x00000000000145cc       0x24 common/built-in.o
                0x00000000000145cc                genimg_get_kernel_addr_fit
 .text.genimg_get_kernel_addr
                0x00000000000145f0       0x24 common/built-in.o
                0x00000000000145f0                genimg_get_kernel_addr
 .text.genimg_get_format
                0x0000000000014614       0x34 common/built-in.o
                0x0000000000014614                genimg_get_format
 .text.genimg_has_config
                0x0000000000014648        0x8 common/built-in.o
                0x0000000000014648                genimg_has_config
 .text.boot_get_ramdisk
                0x0000000000014650      0x27c common/built-in.o
                0x0000000000014650                boot_get_ramdisk
 .text.boot_ramdisk_high
                0x00000000000148cc      0x138 common/built-in.o
                0x00000000000148cc                boot_ramdisk_high
 .text.boot_get_setup
                0x0000000000014a04        0x8 common/built-in.o
                0x0000000000014a04                boot_get_setup
 .text.image_setup_linux
                0x0000000000014a0c       0x68 common/built-in.o
                0x0000000000014a0c                image_setup_linux
 .text.fdt_error
                0x0000000000014a74       0x2c common/built-in.o
 .text.boot_fdt_add_mem_rsv_regions
                0x0000000000014aa0       0x8c common/built-in.o
                0x0000000000014aa0                boot_fdt_add_mem_rsv_regions
 .text.boot_relocate_fdt
                0x0000000000014b2c      0x198 common/built-in.o
                0x0000000000014b2c                boot_relocate_fdt
 .text.boot_get_fdt
                0x0000000000014cc4      0x2a8 common/built-in.o
                0x0000000000014cc4                boot_get_fdt
 .text.ft_verify_fdt
                0x0000000000014f6c        0x8 common/built-in.o
                0x0000000000014f6c                ft_verify_fdt
 .text.image_setup_libfdt
                0x0000000000014f74      0x114 common/built-in.o
                0x0000000000014f74                image_setup_libfdt
 .text.get_effective_memsize
                0x0000000000015088        0x8 common/built-in.o
                0x0000000000015088                get_effective_memsize
 .text.stdio_serial_tstc
                0x0000000000015090        0x4 common/built-in.o
 .text.stdio_serial_getc
                0x0000000000015094        0x4 common/built-in.o
 .text.stdio_serial_puts
                0x0000000000015098        0x8 common/built-in.o
 .text.stdio_serial_putc
                0x00000000000150a0        0x8 common/built-in.o
 .text.stdio_get_list
                0x00000000000150a8        0xc common/built-in.o
                0x00000000000150a8                stdio_get_list
 .text.stdio_get_by_name
                0x00000000000150b4       0x5c common/built-in.o
                0x00000000000150b4                stdio_get_by_name
 .text.stdio_clone
                0x0000000000015110       0x38 common/built-in.o
                0x0000000000015110                stdio_clone
 .text.stdio_register_dev
                0x0000000000015148       0x50 common/built-in.o
                0x0000000000015148                stdio_register_dev
 .text.stdio_register
                0x0000000000015198        0x8 common/built-in.o
                0x0000000000015198                stdio_register
 .text.stdio_init_tables
                0x00000000000151a0       0x1c common/built-in.o
                0x00000000000151a0                stdio_init_tables
 .text.stdio_add_devices
                0x00000000000151bc       0x78 common/built-in.o
                0x00000000000151bc                stdio_add_devices
 .text.run_command
                0x0000000000015234       0x10 common/built-in.o
                0x0000000000015234                run_command
 .text.run_command_list
                0x0000000000015244       0x7c common/built-in.o
                0x0000000000015244                run_command_list
 .text.do_run   0x00000000000152c0       0x78 common/built-in.o
                0x00000000000152c0                do_run
 .text.cli_process_fdt
                0x0000000000015338       0x40 common/built-in.o
                0x0000000000015338                cli_process_fdt
 .text.cli_secure_boot_cmd
                0x0000000000015378       0x78 common/built-in.o
                0x0000000000015378                cli_secure_boot_cmd
 .text.cli_loop
                0x00000000000153f0        0xc common/built-in.o
                0x00000000000153f0                cli_loop
 .text.cli_init
                0x00000000000153fc        0x4 common/built-in.o
                0x00000000000153fc                cli_init
 .text.find_cmd_tbl
                0x0000000000015400       0xa4 common/built-in.o
                0x0000000000015400                find_cmd_tbl
 .text.find_cmd
                0x00000000000154a4       0x28 common/built-in.o
                0x00000000000154a4                find_cmd
 .text.cmd_usage
                0x00000000000154cc       0x5c common/built-in.o
                0x00000000000154cc                cmd_usage
 .text._do_help
                0x0000000000015528      0x188 common/built-in.o
                0x0000000000015528                _do_help
 .text.var_complete
                0x00000000000156b0       0x98 common/built-in.o
                0x00000000000156b0                var_complete
 .text.cmd_auto_complete
                0x0000000000015748      0x4b4 common/built-in.o
                0x0000000000015748                cmd_auto_complete
 .text.cmd_get_data_size
                0x0000000000015bfc       0x5c common/built-in.o
                0x0000000000015bfc                cmd_get_data_size
 .text.cmd_process
                0x0000000000015c58       0xec common/built-in.o
                0x0000000000015c58                cmd_process
 .text.cmd_process_error
                0x0000000000015d44       0x30 common/built-in.o
                0x0000000000015d44                cmd_process_error
 .text.hex1_bin
                0x0000000000015d74       0x40 common/built-in.o
 .text.hex2_bin
                0x0000000000015db4       0x38 common/built-in.o
 .text.srec_decode
                0x0000000000015dec      0x250 common/built-in.o
                0x0000000000015dec                srec_decode
 .text.CYGACC_COMM_IF_GETC_TIMEOUT.isra.0
                0x000000000001603c       0x4c common/built-in.o
 .text.xyzModem_flush
                0x0000000000016088       0x1c common/built-in.o
 .text.xyzModem_get_hdr
                0x00000000000160a4      0x22c common/built-in.o
 .text.xyzModem_stream_open
                0x00000000000162d0      0x234 common/built-in.o
                0x00000000000162d0                xyzModem_stream_open
 .text.xyzModem_stream_read
                0x0000000000016504      0x250 common/built-in.o
                0x0000000000016504                xyzModem_stream_read
 .text.xyzModem_stream_close
                0x0000000000016754       0x54 common/built-in.o
                0x0000000000016754                xyzModem_stream_close
 .text.xyzModem_stream_terminate
                0x00000000000167a8       0x94 common/built-in.o
                0x00000000000167a8                xyzModem_stream_terminate
 .text.xyzModem_error
                0x000000000001683c       0x20 common/built-in.o
                0x000000000001683c                xyzModem_error
 .text.blk_get_dev
                0x000000000001685c       0x30 disk/built-in.o
                0x000000000001685c                blk_get_dev
 .text.dev_print
                0x000000000001688c      0x218 disk/built-in.o
                0x000000000001688c                dev_print
 .text.part_init
                0x0000000000016aa4       0x54 disk/built-in.o
                0x0000000000016aa4                part_init
 .text.part_print
                0x0000000000016af8      0x140 disk/built-in.o
                0x0000000000016af8                part_print
 .text.part_get_info
                0x0000000000016c38       0x70 disk/built-in.o
                0x0000000000016c38                part_get_info
 .text.part_get_info_whole_disk
                0x0000000000016ca8       0x50 disk/built-in.o
                0x0000000000016ca8                part_get_info_whole_disk
 .text.blk_get_device_by_str
                0x0000000000016cf8      0x150 disk/built-in.o
                0x0000000000016cf8                blk_get_device_by_str
 .text.blk_get_device_part_str
                0x0000000000016e48      0x3d0 disk/built-in.o
                0x0000000000016e48                blk_get_device_part_str
 .text.part_set_generic_name
                0x0000000000017218       0x4c disk/built-in.o
                0x0000000000017218                part_set_generic_name
 .text.test_block_type
                0x0000000000017264       0x84 disk/built-in.o
 .text.print_partition_extended
                0x00000000000172e8      0x274 disk/built-in.o
 .text.part_print_dos
                0x000000000001755c       0x34 disk/built-in.o
                0x000000000001755c                part_print_dos
 .text.part_test_dos
                0x0000000000017590       0x7c disk/built-in.o
 .text.part_get_info_extended
                0x000000000001760c      0x2e8 disk/built-in.o
 .text.part_get_info_dos
                0x00000000000178f4       0x24 disk/built-in.o
                0x00000000000178f4                part_get_info_dos
 .text.iso_dread
                0x0000000000017918       0x30 disk/built-in.o
                0x0000000000017918                iso_dread
 .text.part_get_info_iso_verb
                0x0000000000017948      0x394 disk/built-in.o
                0x0000000000017948                part_get_info_iso_verb
 .text.part_test_iso
                0x0000000000017cdc       0x20 disk/built-in.o
 .text.part_print_iso
                0x0000000000017cfc       0x9c disk/built-in.o
 .text.part_get_info_iso
                0x0000000000017d98        0x8 disk/built-in.o
 .text.print_efiname
                0x0000000000017da0       0x54 disk/built-in.o
 .text.part_test_efi
                0x0000000000017df4       0xc4 disk/built-in.o
 .text.validate_gpt_entries
                0x0000000000017eb8       0x98 disk/built-in.o
 .text.validate_gpt_header
                0x0000000000017f50      0x228 disk/built-in.o
 .text.is_gpt_valid
                0x0000000000018178      0x268 disk/built-in.o
 .text.is_pte_valid
                0x00000000000183e0       0x58 disk/built-in.o
 .text.part_print_efi
                0x0000000000018438      0x288 disk/built-in.o
                0x0000000000018438                part_print_efi
 .text.part_get_info_efi
                0x00000000000186c0      0x1f0 disk/built-in.o
                0x00000000000186c0                part_get_info_efi
 .text.device_bind_common.isra.0
                0x00000000000188b0      0x34c drivers/built-in.o
 .text.alloc_priv
                0x0000000000018bfc       0x58 drivers/built-in.o
 .text.device_bind_with_driver_data
                0x0000000000018c54       0x24 drivers/built-in.o
                0x0000000000018c54                device_bind_with_driver_data
 .text.device_bind
                0x0000000000018c78       0x28 drivers/built-in.o
                0x0000000000018c78                device_bind
 .text.device_bind_by_name
                0x0000000000018ca0       0x6c drivers/built-in.o
                0x0000000000018ca0                device_bind_by_name
 .text.device_probe
                0x0000000000018d0c      0x238 drivers/built-in.o
                0x0000000000018d0c                device_probe
 .text.dev_get_platdata
                0x0000000000018f44       0x34 drivers/built-in.o
                0x0000000000018f44                dev_get_platdata
 .text.dev_get_parent_platdata
                0x0000000000018f78       0x34 drivers/built-in.o
                0x0000000000018f78                dev_get_parent_platdata
 .text.dev_get_uclass_platdata
                0x0000000000018fac       0x34 drivers/built-in.o
                0x0000000000018fac                dev_get_uclass_platdata
 .text.dev_get_priv
                0x0000000000018fe0       0x34 drivers/built-in.o
                0x0000000000018fe0                dev_get_priv
 .text.dev_get_uclass_priv
                0x0000000000019014       0x34 drivers/built-in.o
                0x0000000000019014                dev_get_uclass_priv
 .text.dev_get_parent_priv
                0x0000000000019048       0x34 drivers/built-in.o
                0x0000000000019048                dev_get_parent_priv
 .text.device_find_first_child
                0x000000000001907c       0x1c drivers/built-in.o
                0x000000000001907c                device_find_first_child
 .text.device_find_next_child
                0x0000000000019098       0x28 drivers/built-in.o
                0x0000000000019098                device_find_next_child
 .text.dev_get_driver_data
                0x00000000000190c0        0x8 drivers/built-in.o
                0x00000000000190c0                dev_get_driver_data
 .text.device_get_uclass_id
                0x00000000000190c8       0x10 drivers/built-in.o
                0x00000000000190c8                device_get_uclass_id
 .text.device_has_active_children
                0x00000000000190d8       0x3c drivers/built-in.o
                0x00000000000190d8                device_has_active_children
 .text.device_is_last_sibling
                0x0000000000019114       0x24 drivers/built-in.o
                0x0000000000019114                device_is_last_sibling
 .text.device_set_name_alloced
                0x0000000000019138       0x10 drivers/built-in.o
                0x0000000000019138                device_set_name_alloced
 .text.device_set_name
                0x0000000000019148       0x30 drivers/built-in.o
                0x0000000000019148                device_set_name
 .text.device_is_compatible
                0x0000000000019178       0x24 drivers/built-in.o
                0x0000000000019178                device_is_compatible
 .text.devfdt_get_addr_index
                0x000000000001919c       0xac drivers/built-in.o
                0x000000000001919c                devfdt_get_addr_index
 .text.devfdt_get_addr
                0x0000000000019248        0x8 drivers/built-in.o
                0x0000000000019248                devfdt_get_addr
 .text.lists_driver_lookup_name
                0x0000000000019250       0x4c drivers/built-in.o
                0x0000000000019250                lists_driver_lookup_name
 .text.lists_uclass_lookup
                0x000000000001929c       0x3c drivers/built-in.o
                0x000000000001929c                lists_uclass_lookup
 .text.lists_bind_drivers
                0x00000000000192d8       0x8c drivers/built-in.o
                0x00000000000192d8                lists_bind_drivers
 .text.device_bind_driver_to_node
                0x0000000000019364       0x48 drivers/built-in.o
                0x0000000000019364                device_bind_driver_to_node
 .text.device_bind_driver
                0x00000000000193ac       0x18 drivers/built-in.o
                0x00000000000193ac                device_bind_driver
 .text.lists_bind_fdt
                0x00000000000193c4      0x180 drivers/built-in.o
                0x00000000000193c4                lists_bind_fdt
 .text.dm_scan_fdt_node
                0x0000000000019544       0xb8 drivers/built-in.o
 .text.dm_root  0x00000000000195fc       0x2c drivers/built-in.o
                0x00000000000195fc                dm_root
 .text.dm_get_translation_offset
                0x0000000000019628       0x14 drivers/built-in.o
                0x0000000000019628                dm_get_translation_offset
 .text.dm_init  0x000000000001963c       0x60 drivers/built-in.o
                0x000000000001963c                dm_init
 .text.dm_remove_devices_flags
                0x000000000001969c       0x1c drivers/built-in.o
                0x000000000001969c                dm_remove_devices_flags
 .text.dm_scan_platdata
                0x00000000000196b8       0x2c drivers/built-in.o
                0x00000000000196b8                dm_scan_platdata
 .text.dm_scan_fdt_dev
                0x00000000000196e4       0x28 drivers/built-in.o
                0x00000000000196e4                dm_scan_fdt_dev
 .text.dm_scan_fdt
                0x000000000001970c       0x18 drivers/built-in.o
                0x000000000001970c                dm_scan_fdt
 .text.dm_extended_scan_fdt
                0x0000000000019724       0x48 drivers/built-in.o
                0x0000000000019724                dm_extended_scan_fdt
 .text.dm_scan_other
                0x000000000001976c        0x8 drivers/built-in.o
                0x000000000001976c                dm_scan_other
 .text.dm_init_and_scan
                0x0000000000019774       0x48 drivers/built-in.o
                0x0000000000019774                dm_init_and_scan
 .text.uclass_find
                0x00000000000197bc       0x4c drivers/built-in.o
                0x00000000000197bc                uclass_find
 .text.uclass_get
                0x0000000000019808      0x124 drivers/built-in.o
                0x0000000000019808                uclass_get
 .text.uclass_find_device
                0x000000000001992c       0x74 drivers/built-in.o
                0x000000000001992c                uclass_find_device
 .text.uclass_find_first_device
                0x00000000000199a0       0x3c drivers/built-in.o
                0x00000000000199a0                uclass_find_first_device
 .text.uclass_find_next_device
                0x00000000000199dc       0x2c drivers/built-in.o
                0x00000000000199dc                uclass_find_next_device
 .text.uclass_find_device_by_seq
                0x0000000000019a08       0x7c drivers/built-in.o
                0x0000000000019a08                uclass_find_device_by_seq
 .text.uclass_find_device_by_of_offset
                0x0000000000019a84       0x6c drivers/built-in.o
                0x0000000000019a84                uclass_find_device_by_of_offset
 .text.uclass_get_device_tail
                0x0000000000019af0       0x2c drivers/built-in.o
                0x0000000000019af0                uclass_get_device_tail
 .text.uclass_get_device
                0x0000000000019b1c       0x30 drivers/built-in.o
                0x0000000000019b1c                uclass_get_device
 .text.uclass_get_device_by_seq
                0x0000000000019b4c       0x54 drivers/built-in.o
                0x0000000000019b4c                uclass_get_device_by_seq
 .text.uclass_get_device_by_of_offset
                0x0000000000019ba0       0x30 drivers/built-in.o
                0x0000000000019ba0                uclass_get_device_by_of_offset
 .text.uclass_first_device
                0x0000000000019bd0       0x38 drivers/built-in.o
                0x0000000000019bd0                uclass_first_device
 .text.uclass_first_device_err
                0x0000000000019c08       0x28 drivers/built-in.o
                0x0000000000019c08                uclass_first_device_err
 .text.uclass_next_device
                0x0000000000019c30       0x40 drivers/built-in.o
                0x0000000000019c30                uclass_next_device
 .text.uclass_first_device_check
                0x0000000000019c70       0x30 drivers/built-in.o
                0x0000000000019c70                uclass_first_device_check
 .text.uclass_next_device_check
                0x0000000000019ca0       0x28 drivers/built-in.o
                0x0000000000019ca0                uclass_next_device_check
 .text.uclass_bind_device
                0x0000000000019cc8       0x7c drivers/built-in.o
                0x0000000000019cc8                uclass_bind_device
 .text.uclass_unbind_device
                0x0000000000019d44       0x4c drivers/built-in.o
                0x0000000000019d44                uclass_unbind_device
 .text.uclass_resolve_seq
                0x0000000000019d90       0xb0 drivers/built-in.o
                0x0000000000019d90                uclass_resolve_seq
 .text.uclass_pre_probe_device
                0x0000000000019e40       0x64 drivers/built-in.o
                0x0000000000019e40                uclass_pre_probe_device
 .text.uclass_post_probe_device
                0x0000000000019ea4       0x20 drivers/built-in.o
                0x0000000000019ea4                uclass_post_probe_device
 .text.uclass_pre_remove_device
                0x0000000000019ec4       0x20 drivers/built-in.o
                0x0000000000019ec4                uclass_pre_remove_device
 .text.dm_warn  0x0000000000019ee4       0x28 drivers/built-in.o
                0x0000000000019ee4                dm_warn
 .text.dm_fdt_pre_reloc
                0x0000000000019f0c       0x68 drivers/built-in.o
                0x0000000000019f0c                dm_fdt_pre_reloc
 .text.device_unbind
                0x0000000000019f74      0x150 drivers/built-in.o
                0x0000000000019f74                device_unbind
 .text.device_free
                0x000000000001a0c4       0x90 drivers/built-in.o
                0x000000000001a0c4                device_free
 .text.device_remove
                0x000000000001a154      0x170 drivers/built-in.o
                0x000000000001a154                device_remove
 .text.simple_bus_post_bind
                0x000000000001a2c4       0x58 drivers/built-in.o
 .text.show_devices
                0x000000000001a31c       0xf0 drivers/built-in.o
 .text.dm_dump_all
                0x000000000001a40c       0x3c drivers/built-in.o
                0x000000000001a40c                dm_dump_all
 .text.dm_dump_uclass
                0x000000000001a448       0xec drivers/built-in.o
                0x000000000001a448                dm_dump_uclass
 .text.ofnode_read_u32
                0x000000000001a534       0x54 drivers/built-in.o
                0x000000000001a534                ofnode_read_u32
 .text.ofnode_read_u32_default
                0x000000000001a588       0x20 drivers/built-in.o
                0x000000000001a588                ofnode_read_u32_default
 .text.ofnode_read_u32_array
                0x000000000001a5a8       0x28 drivers/built-in.o
                0x000000000001a5a8                ofnode_read_u32_array
 .text.ofnode_get_name
                0x000000000001a5d0       0x14 drivers/built-in.o
                0x000000000001a5d0                ofnode_get_name
 .text.ofnode_path
                0x000000000001a5e4       0x18 drivers/built-in.o
                0x000000000001a5e4                ofnode_path
 .text.ofnode_get_property
                0x000000000001a5fc       0x18 drivers/built-in.o
                0x000000000001a5fc                ofnode_get_property
 .text.ofnode_read_pci_addr
                0x000000000001a614       0xa8 drivers/built-in.o
                0x000000000001a614                ofnode_read_pci_addr
 .text.ofnode_read_simple_addr_cells
                0x000000000001a6bc       0x10 drivers/built-in.o
                0x000000000001a6bc                ofnode_read_simple_addr_cells
 .text.ofnode_read_simple_size_cells
                0x000000000001a6cc       0x10 drivers/built-in.o
                0x000000000001a6cc                ofnode_read_simple_size_cells
 .text.ahci_pci_probe
                0x000000000001a6dc        0x4 drivers/built-in.o
 .text.ahci_pci_bind
                0x000000000001a6e0       0x14 drivers/built-in.o
 .text.ahci_scsi_bus_reset
                0x000000000001a6f4        0x8 drivers/built-in.o
 .text.ahci_start_ports
                0x000000000001a6fc      0x150 drivers/built-in.o
 .text.ata_id_strcpy
                0x000000000001a84c       0x3c drivers/built-in.o
 .text.ahci_device_data_io.constprop.2
                0x000000000001a888      0x1b8 drivers/built-in.o
 .text.ata_scsiop_inquiry
                0x000000000001aa40      0x154 drivers/built-in.o
 .text.ata_scsiop_read_write
                0x000000000001ab94      0x260 drivers/built-in.o
 .text.ahci_scsi_exec
                0x000000000001adf4      0x198 drivers/built-in.o
 .text.ahci_port_base
                0x000000000001af8c        0xc drivers/built-in.o
                0x000000000001af8c                ahci_port_base
 .text.ahci_link_up
                0x000000000001af98       0x48 drivers/built-in.o
                0x000000000001af98                ahci_link_up
 .text.ahci_reset
                0x000000000001afe0       0x68 drivers/built-in.o
                0x000000000001afe0                ahci_reset
 .text.ahci_init_one
                0x000000000001b048      0x4e4 drivers/built-in.o
 .text.ahci_bind_scsi
                0x000000000001b52c       0x30 drivers/built-in.o
                0x000000000001b52c                ahci_bind_scsi
 .text.ahci_probe_scsi
                0x000000000001b55c       0x64 drivers/built-in.o
                0x000000000001b55c                ahci_probe_scsi
 .text.ahci_probe_scsi_pci
                0x000000000001b5c0       0x24 drivers/built-in.o
                0x000000000001b5c0                ahci_probe_scsi_pci
 .text.ata_id_n_sectors
                0x000000000001b5e4       0x7c drivers/built-in.o
                0x000000000001b5e4                ata_id_n_sectors
 .text.ata_swap_buf_le16
                0x000000000001b660        0x4 drivers/built-in.o
                0x000000000001b660                ata_swap_buf_le16
 .text.get_desc
                0x000000000001b664       0xac drivers/built-in.o
 .text.blk_get_if_type_name
                0x000000000001b710       0x10 drivers/built-in.o
                0x000000000001b710                blk_get_if_type_name
 .text.blk_get_devnum_by_typename
                0x000000000001b720       0xec drivers/built-in.o
                0x000000000001b720                blk_get_devnum_by_typename
 .text.blk_list_part
                0x000000000001b80c       0x78 drivers/built-in.o
                0x000000000001b80c                blk_list_part
 .text.blk_print_part_devnum
                0x000000000001b884       0x38 drivers/built-in.o
                0x000000000001b884                blk_print_part_devnum
 .text.blk_list_devices
                0x000000000001b8bc       0x68 drivers/built-in.o
                0x000000000001b8bc                blk_list_devices
 .text.blk_print_device_num
                0x000000000001b924       0x3c drivers/built-in.o
                0x000000000001b924                blk_print_device_num
 .text.blk_show_device
                0x000000000001b960       0x74 drivers/built-in.o
                0x000000000001b960                blk_show_device
 .text.blk_select_hwpart
                0x000000000001b9d4       0x30 drivers/built-in.o
                0x000000000001b9d4                blk_select_hwpart
 .text.blk_dselect_hwpart
                0x000000000001ba04        0x8 drivers/built-in.o
                0x000000000001ba04                blk_dselect_hwpart
 .text.blk_find_device
                0x000000000001ba0c       0x80 drivers/built-in.o
                0x000000000001ba0c                blk_find_device
 .text.blk_get_device
                0x000000000001ba8c       0x20 drivers/built-in.o
                0x000000000001ba8c                blk_get_device
 .text.blk_dread
                0x000000000001baac       0x30 drivers/built-in.o
                0x000000000001baac                blk_dread
 .text.blk_read_devnum
                0x000000000001badc       0x38 drivers/built-in.o
                0x000000000001badc                blk_read_devnum
 .text.blk_dwrite
                0x000000000001bb14       0x30 drivers/built-in.o
                0x000000000001bb14                blk_dwrite
 .text.blk_write_devnum
                0x000000000001bb44       0x38 drivers/built-in.o
                0x000000000001bb44                blk_write_devnum
 .text.blk_find_max_devnum
                0x000000000001bb7c       0x78 drivers/built-in.o
                0x000000000001bb7c                blk_find_max_devnum
 .text.blk_create_device
                0x000000000001bbf4      0x158 drivers/built-in.o
                0x000000000001bbf4                blk_create_device
 .text.blk_create_devicef
                0x000000000001bd4c       0xa0 drivers/built-in.o
                0x000000000001bd4c                blk_create_devicef
 .text.blk_unbind_all
                0x000000000001bdec       0x9c drivers/built-in.o
                0x000000000001bdec                blk_unbind_all
 .text.psci_probe
                0x000000000001be88       0xac drivers/built-in.o
 .text.__invoke_psci_fn_smc
                0x000000000001bf34       0x38 drivers/built-in.o
 .text.__invoke_psci_fn_hvc
                0x000000000001bf6c       0x38 drivers/built-in.o
 .text.psci_bind
                0x000000000001bfa4       0x58 drivers/built-in.o
 .text.nvme_uclass_post_probe
                0x000000000001bffc       0x8c drivers/built-in.o
 .text.nvme_submit_sync_cmd
                0x000000000001c088      0x1b0 drivers/built-in.o
 .text.nvme_init_queue
                0x000000000001c238       0x68 drivers/built-in.o
 .text.nvme_free_queues
                0x000000000001c2a0       0x68 drivers/built-in.o
 .text.nvme_blk_rw
                0x000000000001c308      0x318 drivers/built-in.o
 .text.nvme_blk_write
                0x000000000001c620       0x18 drivers/built-in.o
 .text.nvme_blk_read
                0x000000000001c638       0x18 drivers/built-in.o
 .text.nvme_wait_ready
                0x000000000001c650       0x5c drivers/built-in.o
 .text.nvme_alloc_queue
                0x000000000001c6ac       0xe4 drivers/built-in.o
 .text.nvme_bind
                0x000000000001c790       0x44 drivers/built-in.o
 .text.nvme_submit_admin_cmd.isra.0
                0x000000000001c7d4        0xc drivers/built-in.o
 .text.nvme_identify
                0x000000000001c7e0       0xa8 drivers/built-in.o
                0x000000000001c7e0                nvme_identify
 .text.nvme_blk_probe
                0x000000000001c888      0x124 drivers/built-in.o
 .text.nvme_get_info_from_identify
                0x000000000001c9ac       0xa8 drivers/built-in.o
 .text.nvme_set_features
                0x000000000001ca54       0x5c drivers/built-in.o
                0x000000000001ca54                nvme_set_features
 .text.nvme_probe
                0x000000000001cab0      0x470 drivers/built-in.o
 .text.nvme_scan_namespace
                0x000000000001cf20       0x5c drivers/built-in.o
                0x000000000001cf20                nvme_scan_namespace
 .text.nvme_print_info
                0x000000000001cf7c      0x3a8 drivers/built-in.o
                0x000000000001cf7c                nvme_print_info
 .text.scsi_exec
                0x000000000001d324       0x20 drivers/built-in.o
                0x000000000001d324                scsi_exec
 .text.scsi_ident_cpy
                0x000000000001d344       0x60 drivers/built-in.o
 .text.scsi_read
                0x000000000001d3a4      0x150 drivers/built-in.o
 .text.scsi_write
                0x000000000001d4f4      0x158 drivers/built-in.o
 .text.scsi_scan_dev
                0x000000000001d64c      0x464 drivers/built-in.o
                0x000000000001d64c                scsi_scan_dev
 .text.scsi_scan
                0x000000000001dab0       0x7c drivers/built-in.o
                0x000000000001dab0                scsi_scan
 .text.sysreset_request
                0x000000000001db2c       0x20 drivers/built-in.o
                0x000000000001db2c                sysreset_request
 .text.sysreset_walk
                0x000000000001db4c       0x74 drivers/built-in.o
                0x000000000001db4c                sysreset_walk
 .text.sysreset_walk_halt
                0x000000000001dbc0       0x2c drivers/built-in.o
                0x000000000001dbc0                sysreset_walk_halt
 .text.do_reset
                0x000000000001dbec        0xc drivers/built-in.o
                0x000000000001dbec                do_reset
 .text.psci_sysreset_request
                0x000000000001dbf8       0x54 drivers/built-in.o
 .text.e1000_config_collision_dist
                0x000000000001dc4c       0x40 drivers/net/built-in.o
 .text.e1000_force_mac_fc
                0x000000000001dc8c       0x78 drivers/net/built-in.o
 .text.e1000_eth_send
                0x000000000001dd04       0xfc drivers/net/built-in.o
 .text.e1000_eth_bind
                0x000000000001de00       0x44 drivers/net/built-in.o
 .text.e1000_is_onboard_nvm_eeprom
                0x000000000001de44       0x44 drivers/net/built-in.o
 .text.e1000_put_hw_eeprom_semaphore
                0x000000000001de88       0x40 drivers/net/built-in.o
 .text.e1000_is_second_port
                0x000000000001dec8       0x44 drivers/net/built-in.o
 .text.e1000_check_phy_reset_block
                0x000000000001df0c       0x58 drivers/net/built-in.o
 .text.e1000_set_media_type
                0x000000000001df64       0xd4 drivers/net/built-in.o
 .text.e1000_eth_stop
                0x000000000001e038       0x80 drivers/net/built-in.o
 .text.e1000_get_hw_eeprom_semaphore
                0x000000000001e0b8       0xc4 drivers/net/built-in.o
 .text.e1000_swfw_sync_acquire
                0x000000000001e17c       0x94 drivers/net/built-in.o
 .text.e1000_write_kmrn_reg
                0x000000000001e210       0x5c drivers/net/built-in.o
 .text.e1000_swfw_sync_release
                0x000000000001e26c       0x4c drivers/net/built-in.o
 .text.e1000_raise_mdi_clk.isra.9
                0x000000000001e2b8       0x20 drivers/net/built-in.o
 .text.e1000_lower_mdi_clk.isra.10
                0x000000000001e2d8       0x20 drivers/net/built-in.o
 .text.e1000_shift_out_mdi_bits
                0x000000000001e2f8       0x80 drivers/net/built-in.o
 .text.e1000_read_phy_reg
                0x000000000001e378      0x150 drivers/net/built-in.o
 .text.e1000_config_mac_to_phy
                0x000000000001e4c8       0x84 drivers/net/built-in.o
 .text.e1000_write_phy_reg
                0x000000000001e54c       0xa4 drivers/net/built-in.o
 .text.e1000_config_fc_after_link_up
                0x000000000001e5f0      0x2bc drivers/net/built-in.o
 .text.e1000_phy_hw_reset.part.15
                0x000000000001e8ac      0x204 drivers/net/built-in.o
 .text.e1000_phy_reset.part.16
                0x000000000001eab0      0x130 drivers/net/built-in.o
 .text.e1000_eth_recv
                0x000000000001ebe0       0x74 drivers/net/built-in.o
 .text.e1000_raise_ee_clk
                0x000000000001ec54       0x28 drivers/net/built-in.o
                0x000000000001ec54                e1000_raise_ee_clk
 .text.e1000_lower_ee_clk
                0x000000000001ec7c       0x28 drivers/net/built-in.o
                0x000000000001ec7c                e1000_lower_ee_clk
 .text.e1000_shift_out_ee_bits
                0x000000000001eca4       0xa4 drivers/net/built-in.o
 .text.e1000_shift_in_ee_bits
                0x000000000001ed48       0x84 drivers/net/built-in.o
 .text.e1000_standby_eeprom
                0x000000000001edcc       0xd4 drivers/net/built-in.o
                0x000000000001edcc                e1000_standby_eeprom
 .text.e1000_acquire_eeprom
                0x000000000001eea0       0xec drivers/net/built-in.o
                0x000000000001eea0                e1000_acquire_eeprom
 .text.e1000_release_eeprom
                0x000000000001ef8c       0xbc drivers/net/built-in.o
                0x000000000001ef8c                e1000_release_eeprom
 .text.e1000_read_eeprom
                0x000000000001f048      0x26c drivers/net/built-in.o
 .text.e1000_init_eeprom_params
                0x000000000001f2b4      0x2d8 drivers/net/built-in.o
 .text.e1000_set_mac_type
                0x000000000001f58c      0x364 drivers/net/built-in.o
                0x000000000001f58c                e1000_set_mac_type
 .text.e1000_reset_hw
                0x000000000001f8f0      0x208 drivers/net/built-in.o
                0x000000000001f8f0                e1000_reset_hw
 .text.fill_rx  0x000000000001faf8       0x94 drivers/net/built-in.o
                0x000000000001faf8                fill_rx
 .text.e1000_free_pkt
                0x000000000001fb8c       0x14 drivers/net/built-in.o
 .text.e1000_eth_start
                0x000000000001fba0     0x1df0 drivers/net/built-in.o
 .text.e1000_get_bus_type
                0x0000000000021990       0x48 drivers/net/built-in.o
                0x0000000000021990                e1000_get_bus_type
 .text.e1000_eth_probe
                0x00000000000219d8      0x42c drivers/net/built-in.o
 .text.pci_get_bus_max
                0x0000000000021e04       0x44 drivers/pci/built-in.o
 .text._dm_pci_bus_to_phys
                0x0000000000021e48       0x90 drivers/pci/built-in.o
 .text.pci_uclass_pre_probe
                0x0000000000021ed8      0x248 drivers/pci/built-in.o
 .text.pci_uclass_child_post_bind
                0x0000000000022120       0x6c drivers/pci/built-in.o
 .text.pci_get_bus
                0x000000000002218c       0x4c drivers/pci/built-in.o
                0x000000000002218c                pci_get_bus
 .text.pci_get_controller
                0x00000000000221d8       0x24 drivers/pci/built-in.o
                0x00000000000221d8                pci_get_controller
 .text.dm_pci_get_bdf
                0x00000000000221fc       0x20 drivers/pci/built-in.o
                0x00000000000221fc                dm_pci_get_bdf
 .text.pci_get_ff
                0x000000000002221c       0x20 drivers/pci/built-in.o
                0x000000000002221c                pci_get_ff
 .text.pci_bus_find_devfn
                0x000000000002223c       0x5c drivers/pci/built-in.o
                0x000000000002223c                pci_bus_find_devfn
 .text.dm_pci_bus_find_bdf
                0x0000000000022298       0x38 drivers/pci/built-in.o
                0x0000000000022298                dm_pci_bus_find_bdf
 .text.pci_bus_write_config
                0x00000000000222d0       0x2c drivers/pci/built-in.o
                0x00000000000222d0                pci_bus_write_config
 .text.pci_bridge_write_config
                0x00000000000222fc        0xc drivers/pci/built-in.o
 .text.dm_pci_write_config
                0x0000000000022308       0x54 drivers/pci/built-in.o
                0x0000000000022308                dm_pci_write_config
 .text.dm_pci_write_config8
                0x000000000002235c        0x8 drivers/pci/built-in.o
                0x000000000002235c                dm_pci_write_config8
 .text.dm_pci_write_config16
                0x0000000000022364        0x8 drivers/pci/built-in.o
                0x0000000000022364                dm_pci_write_config16
 .text.dm_pci_write_config32
                0x000000000002236c        0x8 drivers/pci/built-in.o
                0x000000000002236c                dm_pci_write_config32
 .text.pci_bus_read_config
                0x0000000000022374       0x2c drivers/pci/built-in.o
                0x0000000000022374                pci_bus_read_config
 .text.pci_bridge_read_config
                0x00000000000223a0        0xc drivers/pci/built-in.o
 .text.dm_pci_read_config
                0x00000000000223ac       0x54 drivers/pci/built-in.o
                0x00000000000223ac                dm_pci_read_config
 .text.dm_pci_read_config8
                0x0000000000022400       0x28 drivers/pci/built-in.o
                0x0000000000022400                dm_pci_read_config8
 .text.dm_pci_read_config16
                0x0000000000022428       0x28 drivers/pci/built-in.o
                0x0000000000022428                dm_pci_read_config16
 .text.dm_pci_read_config32
                0x0000000000022450       0x28 drivers/pci/built-in.o
                0x0000000000022450                dm_pci_read_config32
 .text.pci_auto_config_devices
                0x0000000000022478       0xbc drivers/pci/built-in.o
                0x0000000000022478                pci_auto_config_devices
 .text.pci_generic_mmap_write_config
                0x0000000000022534       0x84 drivers/pci/built-in.o
                0x0000000000022534                pci_generic_mmap_write_config
 .text.pci_generic_mmap_read_config
                0x00000000000225b8       0x90 drivers/pci/built-in.o
                0x00000000000225b8                pci_generic_mmap_read_config
 .text.dm_pci_hose_probe_bus
                0x0000000000022648       0x7c drivers/pci/built-in.o
                0x0000000000022648                dm_pci_hose_probe_bus
 .text.pci_bind_bus_devices
                0x00000000000226c4      0x3b4 drivers/pci/built-in.o