Archive member included to satisfy reference by file (symbol)

arch/arm/lib/lib.a(ashldi3.o)
                              lib/built-in.o (__aeabi_llsl)
arch/arm/lib/lib.a(ashrdi3.o)
                              drivers/built-in.o (__aeabi_lasr)
arch/arm/lib/lib.a(lib1funcs.o)
                              arch/arm/mach-omap2/built-in.o (__aeabi_uidiv)
arch/arm/lib/lib.a(lshrdi3.o)
                              lib/built-in.o (__aeabi_llsr)
arch/arm/lib/lib.a(div0.o)    arch/arm/lib/lib.a(lib1funcs.o) (__div0)

Discarded input sections

 .data          0x0000000000000000        0x0 arch/arm/cpu/armv7/start.o
 .bss           0x0000000000000000        0x0 arch/arm/cpu/armv7/start.o
 .text.get_dpll_mpu_params
                0x0000000000000000        0x8 arch/arm/mach-omap2/built-in.o
 .text.set_mpu_spreadspectrum
                0x0000000000000000       0xc4 arch/arm/mach-omap2/built-in.o
 .text.do_disable_clocks
                0x0000000000000000       0x6c arch/arm/mach-omap2/built-in.o
 .text.scale_vcores
                0x0000000000000000        0x2 arch/arm/mach-omap2/built-in.o
 .text.get_cpu_rev
                0x0000000000000000       0x10 arch/arm/mach-omap2/built-in.o
 .text.get_cpu_type
                0x0000000000000000       0x14 arch/arm/mach-omap2/built-in.o
 .text.get_sysboot_value
                0x0000000000000000       0x14 arch/arm/mach-omap2/built-in.o
 .text.print_cpuinfo
                0x0000000000000000       0x90 arch/arm/mach-omap2/built-in.o
 .text.am335x_get_mpu_vdd
                0x0000000000000000       0x20 arch/arm/mach-omap2/built-in.o
 .text.dram_init
                0x0000000000000000       0x1a arch/arm/mach-omap2/built-in.o
 .text.cpu_mmc_init
                0x0000000000000000       0x28 arch/arm/mach-omap2/built-in.o
 .text.arch_cpu_init_dm
                0x0000000000000000        0xe arch/arm/mach-omap2/built-in.o
 .text.set_uart_mux_conf
                0x0000000000000000        0x2 arch/arm/mach-omap2/built-in.o
 .text.set_mux_conf_regs
                0x0000000000000000        0x2 arch/arm/mach-omap2/built-in.o
 .text.ft_cpu_setup
                0x0000000000000000        0x2 arch/arm/mach-omap2/built-in.o
 .text.clk_synthesizer_reg_write
                0x0000000000000000       0x38 arch/arm/mach-omap2/built-in.o
 .text.setup_clock_synthesizer
                0x0000000000000000       0x84 arch/arm/mach-omap2/built-in.o
 .text.warm_reset
                0x0000000000000000       0x1c arch/arm/mach-omap2/built-in.o
 .text.setup_warmreset_time
                0x0000000000000000        0x2 arch/arm/mach-omap2/built-in.o
 .text.get_ticks
                0x0000000000000000        0xa arch/arm/mach-omap2/built-in.o
 .text.get_tbclk
                0x0000000000000000        0x6 arch/arm/mach-omap2/built-in.o
 .text.do_cancel_out
                0x0000000000000000       0x44 arch/arm/mach-omap2/built-in.o
 .text.cancel_out
                0x0000000000000000       0x62 arch/arm/mach-omap2/built-in.o
 .text.omap_die_id
                0x0000000000000000        0xc arch/arm/mach-omap2/built-in.o
 .text.omap_die_id_serial
                0x0000000000000000       0x4c arch/arm/mach-omap2/built-in.o
 .text.omap_die_id_get_board_serial
                0x0000000000000000       0x24 arch/arm/mach-omap2/built-in.o
 .text.omap_die_id_usbethaddr
                0x0000000000000000       0x58 arch/arm/mach-omap2/built-in.o
 .text.omap_die_id_display
                0x0000000000000000       0x2c arch/arm/mach-omap2/built-in.o
 .text.get_device_type
                0x0000000000000000       0x18 arch/arm/mach-omap2/built-in.o
 .text.enable_caches
                0x0000000000000000        0x4 arch/arm/mach-omap2/built-in.o
 .text.dram_bank_mmu_setup
                0x0000000000000000       0x26 arch/arm/mach-omap2/built-in.o
 .text.arm_init_domains
                0x0000000000000000       0x16 arch/arm/mach-omap2/built-in.o
 .text.fb_set_reboot_flag
                0x0000000000000000       0x24 arch/arm/mach-omap2/built-in.o
 .rodata.cmrtc  0x0000000000000000        0x4 arch/arm/mach-omap2/built-in.o
 .rodata.cmdpll
                0x0000000000000000        0x4 arch/arm/mach-omap2/built-in.o
 .rodata.dpll_core_opp100
                0x0000000000000000       0x10 arch/arm/mach-omap2/built-in.o
 .rodata.cmper  0x0000000000000000        0x4 arch/arm/mach-omap2/built-in.o
 .rodata.dev_types
                0x0000000000000000       0x10 arch/arm/mach-omap2/built-in.o
 .rodata.CSWTCH.12
                0x0000000000000000       0x4c arch/arm/mach-omap2/built-in.o
 .data          0x0000000000000000        0x0 arch/arm/mach-omap2/built-in.o
 .data.cpu_revs_am43xx
                0x0000000000000000        0xc arch/arm/mach-omap2/built-in.o
 .data.cpu_revs
                0x0000000000000000        0xc arch/arm/mach-omap2/built-in.o
 .bss           0x0000000000000000        0x0 arch/arm/mach-omap2/built-in.o
 .text.v7_outer_cache_enable
[...]
Memory Configuration

Name             Origin             Length             Attributes
.sram            0x00000000402f0400 0x000000000001b000
.sdram           0x0000000080a00000 0x0000000000080000
*default*        0x0000000000000000 0xffffffffffffffff

Linker script and memory map


.text           0x00000000402f0400     0xefe4
                0x00000000402f0400                __start = .
 *(.vectors)
 .vectors       0x00000000402f0400       0x44 arch/arm/lib/built-in.o
                0x00000000402f0400                _start
                0x00000000402f0420                _undefined_instruction
                0x00000000402f0424                _software_interrupt
                0x00000000402f0428                _prefetch_abort
                0x00000000402f042c                _data_abort
                0x00000000402f0430                _not_used
                0x00000000402f0434                _irq
                0x00000000402f0438                _fiq
 arch/arm/cpu/armv7/start.o(.text*)
 .text          0x00000000402f0444       0xb0 arch/arm/cpu/armv7/start.o
                0x00000000402f0444                reset
                0x00000000402f0448                save_boot_params_ret
                0x00000000402f0484                c_runtime_cpu_setup
                0x00000000402f0498                cpu_init_cp15
                0x00000000402f04ec                cpu_init_crit
 *(.text*)
 .text          0x00000000402f04f4       0x60 arch/arm/mach-omap2/built-in.o
                0x00000000402f04f4                save_boot_params
                0x00000000402f0500                omap_smc1
                0x00000000402f051c                omap_smc_sec
 .text.get_dpll_core_params
                0x00000000402f0554       0x14 arch/arm/mach-omap2/built-in.o
                0x00000000402f0554                get_dpll_core_params
 .text.get_dpll_per_params
                0x00000000402f0568       0x14 arch/arm/mach-omap2/built-in.o
                0x00000000402f0568                get_dpll_per_params
 .text.setup_clocks_for_console
                0x00000000402f057c       0x7c arch/arm/mach-omap2/built-in.o
                0x00000000402f057c                setup_clocks_for_console
 .text.enable_basic_clocks
                0x00000000402f05f8       0x44 arch/arm/mach-omap2/built-in.o
                0x00000000402f05f8                enable_basic_clocks
 .text.do_setup_dpll
                0x00000000402f063c       0xe0 arch/arm/mach-omap2/built-in.o
                0x00000000402f063c                do_setup_dpll
 .text.do_enable_clocks
                0x00000000402f071c       0x64 arch/arm/mach-omap2/built-in.o
                0x00000000402f071c                do_enable_clocks
 .text.setup_early_clocks
                0x00000000402f0780       0x12 arch/arm/mach-omap2/built-in.o
                0x00000000402f0780                setup_early_clocks
 *fill*         0x00000000402f0792        0x2 
 .text.prcm_init
                0x00000000402f0794       0x5c arch/arm/mach-omap2/built-in.o
                0x00000000402f0794                prcm_init
 .text.get_sys_clk_index
                0x00000000402f07f0       0x14 arch/arm/mach-omap2/built-in.o
                0x00000000402f07f0                get_sys_clk_index
 .text.am335x_get_efuse_mpu_max_freq
                0x00000000402f0804       0x7e arch/arm/mach-omap2/built-in.o
                0x00000000402f0804                am335x_get_efuse_mpu_max_freq
 .text.am335x_get_tps65910_mpu_vdd
                0x00000000402f0882       0x38 arch/arm/mach-omap2/built-in.o
                0x00000000402f0882                am335x_get_tps65910_mpu_vdd
 *fill*         0x00000000402f08ba        0x2 
 .text.configure_mr
                0x00000000402f08bc       0x8c arch/arm/mach-omap2/built-in.o
 .text.config_sdram_emif4d5
                0x00000000402f0948      0x160 arch/arm/mach-omap2/built-in.o
                0x00000000402f0948                config_sdram_emif4d5
 .text.config_sdram
                0x00000000402f0aa8       0x80 arch/arm/mach-omap2/built-in.o
                0x00000000402f0aa8                config_sdram
 .text.set_sdram_timings
                0x00000000402f0b28       0x3c arch/arm/mach-omap2/built-in.o
                0x00000000402f0b28                set_sdram_timings
 .text.config_ddr_phy
                0x00000000402f0b64      0x1ac arch/arm/mach-omap2/built-in.o
                0x00000000402f0b64                config_ddr_phy
 .text.config_cmd_ctrl
                0x00000000402f0d10       0x44 arch/arm/mach-omap2/built-in.o
                0x00000000402f0d10                config_cmd_ctrl
 .text.config_ddr_data
                0x00000000402f0d54       0x4c arch/arm/mach-omap2/built-in.o
                0x00000000402f0d54                config_ddr_data
 .text.config_io_ctrl
                0x00000000402f0da0       0x34 arch/arm/mach-omap2/built-in.o
                0x00000000402f0da0                config_io_ctrl
 .text.ddr_pll_config
                0x00000000402f0dd4        0x2 arch/arm/mach-omap2/built-in.o
                0x00000000402f0dd4                ddr_pll_config
 *fill*         0x00000000402f0dd6        0x2 
 .text.config_ddr
                0x00000000402f0dd8       0xb4 arch/arm/mach-omap2/built-in.o
                0x00000000402f0dd8                config_ddr
 .text.am33xx_otg0_set_phy_power
                0x00000000402f0e8c       0x20 arch/arm/mach-omap2/built-in.o
 .text.am33xx_otg1_set_phy_power
                0x00000000402f0eac       0x20 arch/arm/mach-omap2/built-in.o
 .text.dram_init_banksize
                0x00000000402f0ecc       0x18 arch/arm/mach-omap2/built-in.o
                0x00000000402f0ecc                dram_init_banksize
 .text.arch_misc_init
                0x00000000402f0ee4       0x34 arch/arm/mach-omap2/built-in.o
                0x00000000402f0ee4                arch_misc_init
 .text.board_early_init_f
                0x00000000402f0f18        0xe arch/arm/mach-omap2/built-in.o
                0x00000000402f0f18                board_early_init_f
 .text.am33xx_spl_board_init
                0x00000000402f0f26        0x2 arch/arm/mach-omap2/built-in.o
                0x00000000402f0f26                am33xx_spl_board_init
 .text.s_init   0x00000000402f0f28        0x2 arch/arm/mach-omap2/built-in.o
                0x00000000402f0f28                s_init
 *fill*         0x00000000402f0f2a        0x2 
 .text.early_system_init
                0x00000000402f0f2c       0x98 arch/arm/mach-omap2/built-in.o
                0x00000000402f0f2c                early_system_init
 .text.board_init_f
                0x00000000402f0fc4       0x24 arch/arm/mach-omap2/built-in.o
                0x00000000402f0fc4                board_init_f
 .text.configure_module_pin_mux
                0x00000000402f0fe8       0x20 arch/arm/mach-omap2/built-in.o
                0x00000000402f0fe8                configure_module_pin_mux
 .text.hw_data_init
                0x00000000402f1008       0x14 arch/arm/mach-omap2/built-in.o
                0x00000000402f1008                hw_data_init
 .text.reset_cpu
                0x00000000402f101c       0x10 arch/arm/mach-omap2/built-in.o
                0x00000000402f101c                reset_cpu
 .text.timer_init
                0x00000000402f102c       0x18 arch/arm/mach-omap2/built-in.o
                0x00000000402f102c                timer_init
 .text.__udelay
                0x00000000402f1044       0x34 arch/arm/mach-omap2/built-in.o
                0x00000000402f1044                __udelay
 .text.get_timer_masked
                0x00000000402f1078       0x50 arch/arm/mach-omap2/built-in.o
                0x00000000402f1078                get_timer_masked
 .text.get_timer
                0x00000000402f10c8        0xc arch/arm/mach-omap2/built-in.o
                0x00000000402f10c8                get_timer
 .text.omap_sys_boot_device
                0x00000000402f10d4        0x4 arch/arm/mach-omap2/built-in.o
                0x00000000402f10d4                omap_sys_boot_device
 .text.save_omap_boot_params
                0x00000000402f10d8       0x78 arch/arm/mach-omap2/built-in.o
                0x00000000402f10d8                save_omap_boot_params
 .text.spl_boot_device
                0x00000000402f1150        0x6 arch/arm/mach-omap2/built-in.o
                0x00000000402f1150                spl_boot_device
 .text.spl_boot_mode
                0x00000000402f1156        0x6 arch/arm/mach-omap2/built-in.o
                0x00000000402f1156                spl_boot_mode
 .text.spl_board_init
                0x00000000402f115c       0x28 arch/arm/mach-omap2/built-in.o
                0x00000000402f115c                spl_board_init
 .text.jump_to_image_no_args
                0x00000000402f1184       0x10 arch/arm/mach-omap2/built-in.o
                0x00000000402f1184                jump_to_image_no_args
 .text.enable_gpmc_cs_config
                0x00000000402f1194       0x6c arch/arm/mach-omap2/built-in.o
                0x00000000402f1194                enable_gpmc_cs_config
 .text.set_gpmc_cs0
                0x00000000402f1200       0x4c arch/arm/mach-omap2/built-in.o
                0x00000000402f1200                set_gpmc_cs0
 .text.gpmc_init
                0x00000000402f124c       0x50 arch/arm/mach-omap2/built-in.o
                0x00000000402f124c                gpmc_init
 .text          0x00000000402f129c      0x158 arch/arm/cpu/armv7/built-in.o
                0x00000000402f129c                __v7_flush_dcache_all
                0x00000000402f1338                v7_flush_dcache_all
                0x00000000402f1348                __v7_invalidate_dcache_all
                0x00000000402f13e4                v7_invalidate_dcache_all
 .text.invalidate_icache_all
                0x00000000402f13f4       0x14 arch/arm/cpu/armv7/built-in.o
                0x00000000402f13f4                invalidate_icache_all
 .text.v7_outer_cache_disable
                0x00000000402f1408        0x2 arch/arm/cpu/armv7/built-in.o
                0x00000000402f1408                v7_outer_cache_disable
 .text.v7_outer_cache_flush_all
                0x00000000402f140a        0x2 arch/arm/cpu/armv7/built-in.o
                0x00000000402f140a                v7_outer_cache_flush_all
 .text.flush_dcache_all
                0x00000000402f140c        0xe arch/arm/cpu/armv7/built-in.o
                0x00000000402f140c                flush_dcache_all
 .text.v7_outer_cache_inval_all
                0x00000000402f141a        0x2 arch/arm/cpu/armv7/built-in.o
                0x00000000402f141a                v7_outer_cache_inval_all
 .text.invalidate_dcache_all
                0x00000000402f141c        0xe arch/arm/cpu/armv7/built-in.o
                0x00000000402f141c                invalidate_dcache_all
 .text.v7_outer_cache_flush_range
                0x00000000402f142a        0x2 arch/arm/cpu/armv7/built-in.o
                0x00000000402f142a                v7_outer_cache_flush_range
 .text.flush_dcache_range
                0x00000000402f142c       0x38 arch/arm/cpu/armv7/built-in.o
                0x00000000402f142c                flush_dcache_range
 .text.cpu_cache_initialization
                0x00000000402f1464        0x2 arch/arm/cpu/armv7/built-in.o
                0x00000000402f1464                cpu_cache_initialization
 .text.cleanup_before_linux_select
                0x00000000402f1466       0x38 arch/arm/cpu/armv7/built-in.o
                0x00000000402f1466                cleanup_before_linux_select
 .text.cleanup_before_linux
                0x00000000402f149e        0x6 arch/arm/cpu/armv7/built-in.o
                0x00000000402f149e                cleanup_before_linux
 .text.sdelay   0x00000000402f14a4        0x6 arch/arm/cpu/armv7/built-in.o
                0x00000000402f14a4                sdelay
 .text.wait_on_value
                0x00000000402f14aa       0x1e arch/arm/cpu/armv7/built-in.o
                0x00000000402f14aa                wait_on_value
 .text.lowlevel_init
                0x00000000402f14c8       0x1c arch/arm/cpu/armv7/built-in.o
                0x00000000402f14c8                lowlevel_init
 *fill*         0x00000000402f14e4       0x1c 
 .text          0x00000000402f1500      0x400 arch/arm/lib/built-in.o
                0x00000000402f1500                _main
                0x00000000402f1580                memset
                0x00000000402f1620                memcpy
 .text.jump_to_image_linux
                0x00000000402f1900       0x14 arch/arm/lib/built-in.o
                0x00000000402f1900                jump_to_image_linux
 .text.bootz_setup
                0x00000000402f1914       0x6c arch/arm/lib/built-in.o
                0x00000000402f1914                bootz_setup
 .text.arch_fixup_fdt
                0x00000000402f1980       0x24 arch/arm/lib/built-in.o
                0x00000000402f1980                arch_fixup_fdt
 .text.disable_interrupts
                0x00000000402f19a4        0x4 arch/arm/lib/built-in.o
                0x00000000402f19a4                disable_interrupts
 .text.reset_misc
                0x00000000402f19a8        0x2 arch/arm/lib/built-in.o
                0x00000000402f19a8                reset_misc
 *fill*         0x00000000402f19aa        0x2 
 .text.do_reset
                0x00000000402f19ac       0x28 arch/arm/lib/built-in.o
                0x00000000402f19ac                do_reset
 .text.check_cache_range
                0x00000000402f19d4       0x14 arch/arm/lib/built-in.o
                0x00000000402f19d4                check_cache_range
 .text.icache_enable
                0x00000000402f19e8       0x12 arch/arm/lib/built-in.o
                0x00000000402f19e8                icache_enable
 .text.icache_disable
                0x00000000402f19fa       0x16 arch/arm/lib/built-in.o
                0x00000000402f19fa                icache_disable
 .text.dcache_disable
                0x00000000402f1a10       0x20 arch/arm/lib/built-in.o
                0x00000000402f1a10                dcache_disable
 .text.enable_uart0_pin_mux
                0x00000000402f1a30        0xc board/ti/am335x/built-in.o
                0x00000000402f1a30                enable_uart0_pin_mux
 .text.enable_i2c0_pin_mux
                0x00000000402f1a3c        0xc board/ti/am335x/built-in.o
                0x00000000402f1a3c                enable_i2c0_pin_mux
 .text.enable_board_pin_mux
                0x00000000402f1a48      0x160 board/ti/am335x/built-in.o
                0x00000000402f1a48                enable_board_pin_mux
 .text.bone_not_connected_to_ac_power.part.0
                0x00000000402f1ba8       0x28 board/ti/am335x/built-in.o
 .text.do_board_detect
                0x00000000402f1bd0       0x2c board/ti/am335x/built-in.o
                0x00000000402f1bd0                do_board_detect
 .text.spl_start_uboot
                0x00000000402f1bfc       0x30 board/ti/am335x/built-in.o
                0x00000000402f1bfc                spl_start_uboot
 .text.get_dpll_ddr_params
                0x00000000402f1c2c       0x80 board/ti/am335x/built-in.o
                0x00000000402f1c2c                get_dpll_ddr_params
 .text.get_dpll_mpu_params
                0x00000000402f1cac       0x9c board/ti/am335x/built-in.o
                0x00000000402f1cac                get_dpll_mpu_params
 .text.scale_vcores_generic
                0x00000000402f1d48       0x40 board/ti/am335x/built-in.o
                0x00000000402f1d48                scale_vcores_generic
 .text.gpi2c_init
                0x00000000402f1d88       0x24 board/ti/am335x/built-in.o
                0x00000000402f1d88                gpi2c_init
 .text.scale_vcores
                0x00000000402f1dac      0x128 board/ti/am335x/built-in.o
                0x00000000402f1dac                scale_vcores
 .text.set_uart_mux_conf
                0x00000000402f1ed4        0x4 board/ti/am335x/built-in.o
                0x00000000402f1ed4                set_uart_mux_conf
 .text.set_mux_conf_regs
                0x00000000402f1ed8        0x4 board/ti/am335x/built-in.o
                0x00000000402f1ed8                set_mux_conf_regs
 .text.sdram_init
                0x00000000402f1edc      0x164 board/ti/am335x/built-in.o
                0x00000000402f1edc                sdram_init
 .text.board_fit_config_name_match
                0x00000000402f2040       0xdc board/ti/am335x/built-in.o
                0x00000000402f2040                board_fit_config_name_match
 .text.ti_eeprom_string_cleanup
                0x00000000402f211c       0x24 board/ti/common/built-in.o
 .text.ti_i2c_eeprom_get
                0x00000000402f2140       0x94 board/ti/common/built-in.o
 .text.ti_i2c_eeprom_am_get
                0x00000000402f21d4       0xbc board/ti/common/built-in.o
                0x00000000402f21d4                ti_i2c_eeprom_am_get
 .text.board_ti_is
                0x00000000402f2290       0x30 board/ti/common/built-in.o
                0x00000000402f2290                board_ti_is
 .text.board_ti_get_rev
                0x00000000402f22c0        0x8 board/ti/common/built-in.o
                0x00000000402f22c0                board_ti_get_rev
 .text.board_ti_get_config
                0x00000000402f22c8        0x8 board/ti/common/built-in.o
                0x00000000402f22c8                board_ti_get_config
 .text.show_boot_progress
                0x00000000402f22d0        0x2 common/spl/built-in.o
                0x00000000402f22d0                show_boot_progress
 *fill*         0x00000000402f22d2        0x2 
 .text.spl_fixup_fdt
                0x00000000402f22d4       0x50 common/spl/built-in.o
                0x00000000402f22d4                spl_fixup_fdt
 .text.spl_board_prepare_for_linux
                0x00000000402f2324        0x2 common/spl/built-in.o
                0x00000000402f2324                spl_board_prepare_for_linux
 .text.spl_board_prepare_for_boot
                0x00000000402f2326        0x2 common/spl/built-in.o
                0x00000000402f2326                spl_board_prepare_for_boot
 .text.spl_set_header_raw_uboot
                0x00000000402f2328       0x20 common/spl/built-in.o
                0x00000000402f2328                spl_set_header_raw_uboot
 .text.spl_parse_image_header
                0x00000000402f2348       0x78 common/spl/built-in.o
                0x00000000402f2348                spl_parse_image_header
 .text.spl_set_bd
                0x00000000402f23c0       0x14 common/spl/built-in.o
                0x00000000402f23c0                spl_set_bd
 .text.spl_init
                0x00000000402f23d4       0x2c common/spl/built-in.o
                0x00000000402f23d4                spl_init
 .text.board_boot_order
                0x00000000402f2400        0xc common/spl/built-in.o
                0x00000000402f2400                board_boot_order
 .text.board_init_r
                0x00000000402f240c       0xe8 common/spl/built-in.o
                0x00000000402f240c                board_init_r
 .text.preloader_console_init
                0x00000000402f24f4       0x24 common/spl/built-in.o
                0x00000000402f24f4                preloader_console_init
 .text.spl_relocate_stack_gd
                0x00000000402f2518       0x34 common/spl/built-in.o
                0x00000000402f2518                spl_relocate_stack_gd
 .text.spl_fit_get_image_node
                0x00000000402f254c       0xa8 common/spl/built-in.o
 .text.spl_load_fit_image
                0x00000000402f25f4      0x114 common/spl/built-in.o
 .text.spl_load_simple_fit
                0x00000000402f2708      0x174 common/spl/built-in.o
                0x00000000402f2708                spl_load_simple_fit
 .text.ymodem_read_fit
                0x00000000402f287c       0x7c common/spl/built-in.o
 .text.getcymodem
                0x00000000402f28f8       0x16 common/spl/built-in.o
 *fill*         0x00000000402f290e        0x2 
 .text.spl_ymodem_load_image
                0x00000000402f2910       0xec common/spl/built-in.o
 .text.spl_nand_fit_read
                0x00000000402f29fc       0x18 common/spl/built-in.o
 .text.spl_nand_load_image
                0x00000000402f2a14       0xe4 common/spl/built-in.o
 .text.h_spl_load_read
                0x00000000402f2af8       0x1e common/spl/built-in.o
 *fill*         0x00000000402f2b16        0x2 
 .text.mmc_load_image_raw_sector
                0x00000000402f2b18       0x98 common/spl/built-in.o
 .text.spl_mmc_load_image
                0x00000000402f2bb0      0x1a8 common/spl/built-in.o
                0x00000000402f2bb0                spl_mmc_load_image
 .text.spl_fit_read
                0x00000000402f2d58       0x20 common/spl/built-in.o
 .text.spl_load_image_fat
                0x00000000402f2d78       0xb4 common/spl/built-in.o
                0x00000000402f2d78                spl_load_image_fat
 .text.spl_load_image_fat_os
                0x00000000402f2e2c       0xe8 common/spl/built-in.o
                0x00000000402f2e2c                spl_load_image_fat_os
 .text.spl_load_image_ext
                0x00000000402f2f14       0xdc common/spl/built-in.o
                0x00000000402f2f14                spl_load_image_ext
 .text.spl_load_image_ext_os
                0x00000000402f2ff0      0x130 common/spl/built-in.o
                0x00000000402f2ff0                spl_load_image_ext_os
 .text.board_init_f_alloc_reserve
                0x00000000402f3120        0xa common/init/built-in.o
                0x00000000402f3120                board_init_f_alloc_reserve
 .text.board_init_f_init_reserve
                0x00000000402f312a       0x14 common/init/built-in.o
                0x00000000402f312a                board_init_f_init_reserve
 .text.CYGACC_COMM_IF_GETC_TIMEOUT.isra.0
                0x00000000402f313e       0x2e common/built-in.o
 .text.xyzModem_flush
                0x00000000402f316c       0x14 common/built-in.o
 .text.xyzModem_get_hdr
                0x00000000402f3180      0x170 common/built-in.o
 .text.xyzModem_stream_open
                0x00000000402f32f0      0x17c common/built-in.o
                0x00000000402f32f0                xyzModem_stream_open
 .text.xyzModem_stream_read
                0x00000000402f346c      0x1c0 common/built-in.o
                0x00000000402f346c                xyzModem_stream_read
 .text.xyzModem_stream_close
                0x00000000402f362c       0x40 common/built-in.o
                0x00000000402f362c                xyzModem_stream_close
 .text.xyzModem_stream_terminate
                0x00000000402f366c       0x68 common/built-in.o
                0x00000000402f366c                xyzModem_stream_terminate
 .text.xyzModem_error
                0x00000000402f36d4       0x18 common/built-in.o
                0x00000000402f36d4                xyzModem_error
 .text.fdt_getprop_u32
                0x00000000402f36ec       0x20 common/built-in.o
                0x00000000402f36ec                fdt_getprop_u32
 .text.fit_find_config_node
                0x00000000402f370c       0xa4 common/built-in.o
                0x00000000402f370c                fit_find_config_node
 .text.fdt_find_or_add_subnode
                0x00000000402f37b0       0x40 common/built-in.o
                0x00000000402f37b0                fdt_find_or_add_subnode
 .text.fdt_fixup_memory_banks
                0x00000000402f37f0      0x124 common/built-in.o
                0x00000000402f37f0                fdt_fixup_memory_banks
 .text.fdt_shrink_to_minimum
                0x00000000402f3914       0x8a common/built-in.o
                0x00000000402f3914                fdt_shrink_to_minimum
 *fill*         0x00000000402f399e        0x2 
 .text.putc     0x00000000402f39a0       0x24 common/built-in.o
                0x00000000402f39a0                putc
 .text.puts     0x00000000402f39c4       0x24 common/built-in.o
                0x00000000402f39c4                puts
 .text.fgetc    0x00000000402f39e8       0x18 common/built-in.o
                0x00000000402f39e8                fgetc
 .text.getc     0x00000000402f3a00       0x1a common/built-in.o
                0x00000000402f3a00                getc
 *fill*         0x00000000402f3a1a        0x2 
 .text.ftstc    0x00000000402f3a1c       0x18 common/built-in.o
                0x00000000402f3a1c                ftstc
 .text.tstc     0x00000000402f3a34       0x1a common/built-in.o
                0x00000000402f3a34                tstc
 *fill*         0x00000000402f3a4e        0x2 
 .text.mem_malloc_init
                0x00000000402f3a50       0x28 common/built-in.o
                0x00000000402f3a50                mem_malloc_init
 .text.malloc_simple
                0x00000000402f3a78       0x28 common/built-in.o
                0x00000000402f3a78                malloc_simple
 .text.memalign_simple
                0x00000000402f3aa0       0x32 common/built-in.o
                0x00000000402f3aa0                memalign_simple
 .text.calloc   0x00000000402f3ad2       0x18 common/built-in.o
                0x00000000402f3ad2                calloc
 .text.get_table_entry_id
                0x00000000402f3aea       0x26 common/built-in.o
                0x00000000402f3aea                get_table_entry_id
 .text.genimg_get_os_id
                0x00000000402f3b10       0x14 common/built-in.o
                0x00000000402f3b10                genimg_get_os_id
 .text.fit_image_get_address
                0x00000000402f3b24       0x3c common/built-in.o
 .text.fit_image_get_os
                0x00000000402f3b60       0x28 common/built-in.o
                0x00000000402f3b60                fit_image_get_os
 .text.fit_image_get_load
                0x00000000402f3b88        0xc common/built-in.o
                0x00000000402f3b88                fit_image_get_load
 .text.fit_image_get_data
                0x00000000402f3b94       0x28 common/built-in.o
                0x00000000402f3b94                fit_image_get_data
 .text.fit_image_get_data_offset
                0x00000000402f3bbc       0x24 common/built-in.o
                0x00000000402f3bbc                fit_image_get_data_offset
 .text.fit_image_get_data_size
                0x00000000402f3be0       0x24 common/built-in.o
                0x00000000402f3be0                fit_image_get_data_size
 .text.get_ram_size
                0x00000000402f3c04       0x90 common/built-in.o
                0x00000000402f3c04                get_ram_size
 .text.envmatch
                0x00000000402f3c94       0x3c cmd/built-in.o
                0x00000000402f3c94                envmatch
 .text.env_get_f
                0x00000000402f3cd0       0x84 cmd/built-in.o
                0x00000000402f3cd0                env_get_f
 .text.env_get  0x00000000402f3d54       0x54 cmd/built-in.o
                0x00000000402f3d54                env_get
 .text.env_get_yesno
                0x00000000402f3da8       0x2a env/built-in.o
                0x00000000402f3da8                env_get_yesno
 .text.env_get_default
                0x00000000402f3dd2       0x2a env/built-in.o
                0x00000000402f3dd2                env_get_default
 .text.set_default_env
                0x00000000402f3dfc       0x7c env/built-in.o
                0x00000000402f3dfc                set_default_env
 .text.env_import
                0x00000000402f3e78       0x84 env/built-in.o
                0x00000000402f3e78                env_import
 .text.env_driver_lookup_default
                0x00000000402f3efc       0x20 env/built-in.o
                0x00000000402f3efc                env_driver_lookup_default
 .text.env_get_char
                0x00000000402f3f1c       0x34 env/built-in.o
                0x00000000402f3f1c                env_get_char
 .text.env_load
                0x00000000402f3f50       0x18 env/built-in.o
                0x00000000402f3f50                env_load
 .text.env_init
                0x00000000402f3f68       0x30 env/built-in.o
                0x00000000402f3f68                env_init
 .text.regex_callback
                0x00000000402f3f98       0xc4 env/built-in.o
 .text.env_attr_walk
                0x00000000402f405c       0xac env/built-in.o
                0x00000000402f405c                env_attr_walk
 .text.env_attr_lookup
                0x00000000402f4108       0x44 env/built-in.o
                0x00000000402f4108                env_attr_lookup
 .text.skip_num
                0x00000000402f414c       0x44 env/built-in.o
 .text.env_flags_parse_vartype
                0x00000000402f4190       0x30 env/built-in.o
                0x00000000402f4190                env_flags_parse_vartype
 .text.env_flags_parse_varaccess
                0x00000000402f41c0       0x38 env/built-in.o
                0x00000000402f41c0                env_flags_parse_varaccess
 .text.eth_validate_ethaddr_str
                0x00000000402f41f8       0x50 env/built-in.o
                0x00000000402f41f8                eth_validate_ethaddr_str
 .text.env_flags_init
                0x00000000402f4248       0x90 env/built-in.o
                0x00000000402f4248                env_flags_init
 .text.env_flags_validate
                0x00000000402f42d8      0x1c0 env/built-in.o
                0x00000000402f42d8                env_flags_validate
 .text.env_callback_init
                0x00000000402f4498       0xa4 env/built-in.o
                0x00000000402f4498                env_callback_init
 .text.env_fat_load
                0x00000000402f453c       0xa0 env/built-in.o
 .text.fdt_check_header
                0x00000000402f45dc       0x4c lib/built-in.o
                0x00000000402f45dc                fdt_check_header
 .text.fdt_offset_ptr
                0x00000000402f4628       0x32 lib/built-in.o
                0x00000000402f4628                fdt_offset_ptr
 .text.fdt_next_tag
                0x00000000402f465a       0x86 lib/built-in.o
                0x00000000402f465a                fdt_next_tag
 .text._fdt_check_node_offset
                0x00000000402f46e0       0x24 lib/built-in.o
                0x00000000402f46e0                _fdt_check_node_offset
 .text._fdt_check_prop_offset
                0x00000000402f4704       0x24 lib/built-in.o
                0x00000000402f4704                _fdt_check_prop_offset
 .text.fdt_next_node
                0x00000000402f4728       0x6e lib/built-in.o
                0x00000000402f4728                fdt_next_node
 .text.fdt_first_subnode
                0x00000000402f4796       0x28 lib/built-in.o
                0x00000000402f4796                fdt_first_subnode
 .text.fdt_next_subnode
                0x00000000402f47be       0x2e lib/built-in.o
                0x00000000402f47be                fdt_next_subnode
 .text._fdt_find_string
                0x00000000402f47ec       0x30 lib/built-in.o
                0x00000000402f47ec                _fdt_find_string
 .text.fdt_strerror
                0x00000000402f481c       0x3c lib/built-in.o
                0x00000000402f481c                fdt_strerror
 .text.fdt_address_cells
                0x00000000402f4858       0x34 lib/built-in.o
                0x00000000402f4858                fdt_address_cells
 .text.fdt_size_cells
                0x00000000402f488c       0x34 lib/built-in.o
                0x00000000402f488c                fdt_size_cells
 .text.fdt_path_next_separator
                0x00000000402f48c0       0x2a lib/built-in.o
 .text._nextprop
                0x00000000402f48ea       0x36 lib/built-in.o
 .text.fdt_string
                0x00000000402f4920        0xa lib/built-in.o
                0x00000000402f4920                fdt_string
 .text.fdt_get_mem_rsv
                0x00000000402f492a       0x38 lib/built-in.o
                0x00000000402f492a                fdt_get_mem_rsv
 .text.fdt_num_mem_rsv
                0x00000000402f4962       0x22 lib/built-in.o
                0x00000000402f4962                fdt_num_mem_rsv
 .text.fdt_subnode_offset_namelen
                0x00000000402f4984       0x7c lib/built-in.o
                0x00000000402f4984                fdt_subnode_offset_namelen
 .text.fdt_subnode_offset
                0x00000000402f4a00       0x1e lib/built-in.o
                0x00000000402f4a00                fdt_subnode_offset
 .text.fdt_get_name
                0x00000000402f4a1e       0x3e lib/built-in.o
                0x00000000402f4a1e                fdt_get_name
 .text.fdt_first_property_offset
                0x00000000402f4a5c       0x18 lib/built-in.o
                0x00000000402f4a5c                fdt_first_property_offset
 .text.fdt_next_property_offset
                0x00000000402f4a74       0x18 lib/built-in.o
                0x00000000402f4a74                fdt_next_property_offset
 .text.fdt_get_property_by_offset
                0x00000000402f4a8c       0x2e lib/built-in.o
                0x00000000402f4a8c                fdt_get_property_by_offset
 .text.fdt_get_property_namelen
                0x00000000402f4aba       0x6e lib/built-in.o
                0x00000000402f4aba                fdt_get_property_namelen
 .text.fdt_get_property
                0x00000000402f4b28       0x22 lib/built-in.o
                0x00000000402f4b28                fdt_get_property
 .text.fdt_getprop_namelen
                0x00000000402f4b4a       0x12 lib/built-in.o
                0x00000000402f4b4a                fdt_getprop_namelen
 .text.fdt_getprop
                0x00000000402f4b5c       0x22 lib/built-in.o
                0x00000000402f4b5c                fdt_getprop
 *fill*         0x00000000402f4b7e        0x2 
 .text.fdt_get_alias_namelen
                0x00000000402f4b80       0x2c lib/built-in.o
                0x00000000402f4b80                fdt_get_alias_namelen
 .text.fdt_path_offset_namelen
                0x00000000402f4bac       0x94 lib/built-in.o
                0x00000000402f4bac                fdt_path_offset_namelen
 .text.fdt_path_offset
                0x00000000402f4c40       0x1a lib/built-in.o
                0x00000000402f4c40                fdt_path_offset
 .text._fdt_blocks_misordered
                0x00000000402f4c5a       0x36 lib/built-in.o
 .text._fdt_splice
                0x00000000402f4c90       0x4a lib/built-in.o
 .text._fdt_splice_mem_rsv
                0x00000000402f4cda       0x2c lib/built-in.o
 .text._fdt_splice_struct
                0x00000000402f4d06       0x26 lib/built-in.o
 .text._fdt_find_add_string
                0x00000000402f4d2c       0x5e lib/built-in.o
 .text._fdt_add_property
                0x00000000402f4d8a       0x60 lib/built-in.o
 .text._fdt_rw_check_header
                0x00000000402f4dea       0x38 lib/built-in.o
 .text.fdt_add_mem_rsv
                0x00000000402f4e22       0x52 lib/built-in.o
                0x00000000402f4e22                fdt_add_mem_rsv
 .text.fdt_del_mem_rsv
                0x00000000402f4e74       0x3e lib/built-in.o
                0x00000000402f4e74                fdt_del_mem_rsv
 .text.fdt_setprop_placeholder
                0x00000000402f4eb2       0x6a lib/built-in.o
                0x00000000402f4eb2                fdt_setprop_placeholder
 .text.fdt_setprop
                0x00000000402f4f1c       0x2a lib/built-in.o
                0x00000000402f4f1c                fdt_setprop
 .text.fdt_add_subnode_namelen
                0x00000000402f4f46       0x9a lib/built-in.o
                0x00000000402f4f46                fdt_add_subnode_namelen
 .text.fdt_add_subnode
                0x00000000402f4fe0       0x1e lib/built-in.o
                0x00000000402f4fe0                fdt_add_subnode
 *fill*         0x00000000402f4ffe        0x2 
 .text.crc16_ccitt
                0x00000000402f5000       0x28 lib/built-in.o
                0x00000000402f5000                crc16_ccitt
 .text.drop_var_from_set.part.2
                0x00000000402f5028       0x30 lib/built-in.o
 .text.hcreate_r
                0x00000000402f5058       0x60 lib/built-in.o
                0x00000000402f5058                hcreate_r
 .text.hdestroy_r
                0x00000000402f50b8       0x14 lib/built-in.o
                0x00000000402f50b8                hdestroy_r
 .text.hsearch_r
                0x00000000402f50cc      0x2c8 lib/built-in.o
                0x00000000402f50cc                hsearch_r
 .text.hdelete_r
                0x00000000402f5394       0x94 lib/built-in.o
                0x00000000402f5394                hdelete_r
 .text.himport_r
                0x00000000402f5428      0x22c lib/built-in.o
                0x00000000402f5428                himport_r
 .text.crc32_no_comp
                0x00000000402f5654       0x8c lib/built-in.o
                0x00000000402f5654                crc32_no_comp
 .text.crc32    0x00000000402f56e0        0xc lib/built-in.o
                0x00000000402f56e0                crc32
 .text.__div64_32
                0x00000000402f56ec       0x7e lib/built-in.o
                0x00000000402f56ec                __div64_32
 *fill*         0x00000000402f576a        0x2 
 .text.hang     0x00000000402f576c       0x18 lib/built-in.o
                0x00000000402f576c                hang
 .text.kmalloc  0x00000000402f5784       0x20 lib/built-in.o
                0x00000000402f5784                kmalloc
 .text.skip_spaces
                0x00000000402f57a4       0x18 lib/built-in.o
                0x00000000402f57a4                skip_spaces
 .text.strim    0x00000000402f57bc       0x34 lib/built-in.o
                0x00000000402f57bc                strim
 .text.emit     0x00000000402f57f0       0x20 lib/built-in.o
 .text.store_char_in_data
                0x00000000402f5810       0x24 lib/built-in.o
 .text.get_escape_char
                0x00000000402f5834       0x48 lib/built-in.o
 .text.relocate
                0x00000000402f587c       0x2a lib/built-in.o
 *fill*         0x00000000402f58a6        0x2 
 .text.match    0x00000000402f58a8      0x260 lib/built-in.o
 .text.loop_greedy
                0x00000000402f5b08       0x56 lib/built-in.o
 .text.loop_non_greedy
                0x00000000402f5b5e       0x4c lib/built-in.o
 *fill*         0x00000000402f5baa        0x2 
 .text.quantifier
                0x00000000402f5bac       0x5c lib/built-in.o
 .text.fixup_branch
                0x00000000402f5c08       0x28 lib/built-in.o
 .text.compile  0x00000000402f5c30      0x230 lib/built-in.o
 .text.slre_compile
                0x00000000402f5e60       0x90 lib/built-in.o
                0x00000000402f5e60                slre_compile
 .text.slre_match
                0x00000000402f5ef0       0x58 lib/built-in.o
                0x00000000402f5ef0                slre_match
 .text.strncasecmp
                0x00000000402f5f48       0x44 lib/built-in.o
                0x00000000402f5f48                strncasecmp
 .text.strcasecmp
                0x00000000402f5f8c        0x8 lib/built-in.o
                0x00000000402f5f8c                strcasecmp
 .text.strcpy   0x00000000402f5f94       0x10 lib/built-in.o
                0x00000000402f5f94                strcpy
 .text.strncpy  0x00000000402f5fa4       0x18 lib/built-in.o
                0x00000000402f5fa4                strncpy
 .text.strcat   0x00000000402f5fbc       0x1e lib/built-in.o
                0x00000000402f5fbc                strcat
 .text.strcmp   0x00000000402f5fda       0x16 lib/built-in.o
                0x00000000402f5fda                strcmp
 .text.strncmp  0x00000000402f5ff0       0x22 lib/built-in.o
                0x00000000402f5ff0                strncmp
 .text.strchr   0x00000000402f6012       0x18 lib/built-in.o
                0x00000000402f6012                strchr
 .text.strlen   0x00000000402f602a       0x10 lib/built-in.o
                0x00000000402f602a                strlen
 .text.strlcpy  0x00000000402f603a       0x2e lib/built-in.o
                0x00000000402f603a                strlcpy
 .text.strnlen  0x00000000402f6068       0x18 lib/built-in.o
                0x00000000402f6068                strnlen
 .text.strdup   0x00000000402f6080       0x22 lib/built-in.o
                0x00000000402f6080                strdup
 .text.memmove  0x00000000402f60a2       0x28 lib/built-in.o
                0x00000000402f60a2                memmove
 .text.memcmp   0x00000000402f60ca       0x1e lib/built-in.o
                0x00000000402f60ca                memcmp
 .text.memchr   0x00000000402f60e8       0x1c lib/built-in.o
                0x00000000402f60e8                memchr
 .text.udelay   0x00000000402f6104       0x24 lib/built-in.o
                0x00000000402f6104                udelay
 .text.uuid_bin_to_str
                0x00000000402f6128       0x78 lib/built-in.o
                0x00000000402f6128                uuid_bin_to_str
 .text.putc_outstr
                0x00000000402f61a0        0xa lib/built-in.o
 .text.putc_normal
                0x00000000402f61aa        0x6 lib/built-in.o
 .text.div_out  0x00000000402f61b0       0x34 lib/built-in.o
 .text._vprintf
                0x00000000402f61e4      0x1d0 lib/built-in.o
 .text.vprintf  0x00000000402f63b4       0x1c lib/built-in.o
                0x00000000402f63b4                vprintf
 .text.printf   0x00000000402f63d0       0x24 lib/built-in.o
                0x00000000402f63d0                printf
 .text.sprintf  0x00000000402f63f4       0x2c lib/built-in.o
                0x00000000402f63f4                sprintf
 .text.snprintf
                0x00000000402f6420       0x2c lib/built-in.o
                0x00000000402f6420                snprintf
 .text.panic_finish
                0x00000000402f644c       0x20 lib/built-in.o
 .text.panic_str
                0x00000000402f646c        0xa lib/built-in.o
                0x00000000402f646c                panic_str
 .text.panic    0x00000000402f6476       0x14 lib/built-in.o
                0x00000000402f6476                panic
 *fill*         0x00000000402f648a        0x2 
 .text._parse_integer_fixup_radix
                0x00000000402f648c       0x5c lib/built-in.o
 .text.simple_strtoul
                0x00000000402f64e8       0x50 lib/built-in.o
                0x00000000402f64e8                simple_strtoul
 .text.part_init
                0x00000000402f6538       0x2c disk/built-in.o
                0x00000000402f6538                part_init
 .text.part_get_info
                0x00000000402f6564       0x44 disk/built-in.o
                0x00000000402f6564                part_get_info
 .text.part_get_info_whole_disk
                0x00000000402f65a8       0x38 disk/built-in.o
                0x00000000402f65a8                part_get_info_whole_disk
 .text.blk_get_device_by_str
                0x00000000402f65e0       0xc0 disk/built-in.o
                0x00000000402f65e0                blk_get_device_by_str
 .text.blk_get_device_part_str
                0x00000000402f66a0      0x228 disk/built-in.o
                0x00000000402f66a0                blk_get_device_part_str
 .text.part_set_generic_name
                0x00000000402f68c8       0x34 disk/built-in.o
                0x00000000402f68c8                part_set_generic_name
 .text.test_block_type
                0x00000000402f68fc       0x50 disk/built-in.o
 .text.part_test_dos
                0x00000000402f694c       0x40 disk/built-in.o
 .text.part_get_info_extended
                0x00000000402f698c      0x1f8 disk/built-in.o
 .text.part_get_info_dos
                0x00000000402f6b84       0x16 disk/built-in.o
                0x00000000402f6b84                part_get_info_dos
 .text.iso_dread
                0x00000000402f6b9a       0x22 disk/built-in.o
                0x00000000402f6b9a                iso_dread
 .text.part_get_info_iso_verb
                0x00000000402f6bbc      0x24c disk/built-in.o
                0x00000000402f6bbc                part_get_info_iso_verb
 .text.part_test_iso
                0x00000000402f6e08       0x14 disk/built-in.o
 .text.part_print_iso
                0x00000000402f6e1c       0x60 disk/built-in.o
 .text.part_get_info_iso
                0x00000000402f6e7c        0x6 disk/built-in.o
 *fill*         0x00000000402f6e82        0x2 
 .text.print_efiname
                0x00000000402f6e84       0x38 disk/built-in.o
 .text.part_test_efi
                0x00000000402f6ebc       0x76 disk/built-in.o
 *fill*         0x00000000402f6f32        0x2 
 .text.validate_gpt_entries
                0x00000000402f6f34       0x80 disk/built-in.o
 *fill*         0x00000000402f6fb4        0x4 
 .text.validate_gpt_header
                0x00000000402f6fb8      0x1a0 disk/built-in.o
 .text.is_gpt_valid
                0x00000000402f7158      0x19c disk/built-in.o
 .text.is_pte_valid
                0x00000000402f72f4       0x38 disk/built-in.o
 .text.part_get_info_efi
                0x00000000402f732c      0x168 disk/built-in.o
                0x00000000402f732c                part_get_info_efi
 .text.device_bind_common.isra.0
                0x00000000402f7494      0x15e drivers/built-in.o
 .text.alloc_priv
                0x00000000402f75f2       0x3a drivers/built-in.o
 .text.device_bind_by_name
                0x00000000402f762c       0x44 drivers/built-in.o
                0x00000000402f762c                device_bind_by_name
 .text.device_probe
                0x00000000402f7670      0x100 drivers/built-in.o
                0x00000000402f7670                device_probe
 .text.dev_get_platdata
                0x00000000402f7770        0x6 drivers/built-in.o
                0x00000000402f7770                dev_get_platdata
 .text.dev_get_priv
                0x00000000402f7776        0x6 drivers/built-in.o
                0x00000000402f7776                dev_get_priv
 .text.dev_get_uclass_priv
                0x00000000402f777c        0x6 drivers/built-in.o
                0x00000000402f777c                dev_get_uclass_priv
 .text.devfdt_get_addr
                0x00000000402f7782        0x6 drivers/built-in.o
                0x00000000402f7782                devfdt_get_addr
 .text.lists_driver_lookup_name
                0x00000000402f7788       0x2c drivers/built-in.o
                0x00000000402f7788                lists_driver_lookup_name
 .text.lists_uclass_lookup
                0x00000000402f77b4       0x24 drivers/built-in.o
                0x00000000402f77b4                lists_uclass_lookup
 .text.lists_bind_drivers
                0x00000000402f77d8       0x48 drivers/built-in.o
                0x00000000402f77d8                lists_bind_drivers
 .text.dm_fixup_for_gd_move
                0x00000000402f7820       0x14 drivers/built-in.o
                0x00000000402f7820                dm_fixup_for_gd_move
 .text.dm_init  0x00000000402f7834       0x38 drivers/built-in.o
                0x00000000402f7834                dm_init
 .text.dm_scan_platdata
                0x00000000402f786c       0x16 drivers/built-in.o
                0x00000000402f786c                dm_scan_platdata
 .text.dm_scan_other
                0x00000000402f7882        0x4 drivers/built-in.o
                0x00000000402f7882                dm_scan_other
 .text.dm_init_and_scan
                0x00000000402f7886       0x20 drivers/built-in.o
                0x00000000402f7886                dm_init_and_scan
 .text.uclass_find
                0x00000000402f78a6       0x2a drivers/built-in.o
                0x00000000402f78a6                uclass_find
 .text.uclass_get
                0x00000000402f78d0       0x92 drivers/built-in.o
                0x00000000402f78d0                uclass_get
 .text.uclass_find_device
                0x00000000402f7962       0x40 drivers/built-in.o
                0x00000000402f7962                uclass_find_device
 .text.uclass_find_first_device
                0x00000000402f79a2       0x22 drivers/built-in.o
                0x00000000402f79a2                uclass_find_first_device
 .text.uclass_find_next_device
                0x00000000402f79c4       0x18 drivers/built-in.o
                0x00000000402f79c4                uclass_find_next_device
 .text.uclass_find_device_by_seq
                0x00000000402f79dc       0x4a drivers/built-in.o
                0x00000000402f79dc                uclass_find_device_by_seq
 .text.uclass_get_device_tail
                0x00000000402f7a26       0x16 drivers/built-in.o
                0x00000000402f7a26                uclass_get_device_tail
 .text.uclass_get_device
                0x00000000402f7a3c       0x1c drivers/built-in.o
                0x00000000402f7a3c                uclass_get_device
 .text.uclass_get_device_by_seq
                0x00000000402f7a58       0x32 drivers/built-in.o
                0x00000000402f7a58                uclass_get_device_by_seq
 .text.uclass_first_device
                0x00000000402f7a8a       0x1e drivers/built-in.o
                0x00000000402f7a8a                uclass_first_device
 .text.uclass_next_device
                0x00000000402f7aa8       0x24 drivers/built-in.o
                0x00000000402f7aa8                uclass_next_device
 .text.uclass_bind_device
                0x00000000402f7acc       0x3a drivers/built-in.o
                0x00000000402f7acc                uclass_bind_device
 .text.uclass_resolve_seq
                0x00000000402f7b06       0x50 drivers/built-in.o
                0x00000000402f7b06                uclass_resolve_seq
 .text.uclass_pre_probe_device
                0x00000000402f7b56       0x2e drivers/built-in.o
                0x00000000402f7b56                uclass_pre_probe_device
 .text.uclass_post_probe_device
                0x00000000402f7b84        0xe drivers/built-in.o
                0x00000000402f7b84                uclass_post_probe_device
 .text.i2c_child_post_bind
                0x00000000402f7b92        0x4 drivers/built-in.o
 .text.i2c_post_probe
                0x00000000402f7b96        0x4 drivers/built-in.o
 *fill*         0x00000000402f7b9a        0x2 
 .text.i2c_get_adapter
                0x00000000402f7b9c       0x40 drivers/built-in.o
                0x00000000402f7b9c                i2c_get_adapter
 .text.i2c_init_bus
                0x00000000402f7bdc       0x64 drivers/built-in.o
 .text.i2c_set_bus_num
                0x00000000402f7c40       0x80 drivers/built-in.o
                0x00000000402f7c40                i2c_set_bus_num
 .text.i2c_probe
                0x00000000402f7cc0       0x20 drivers/built-in.o
                0x00000000402f7cc0                i2c_probe
 .text.i2c_read
                0x00000000402f7ce0       0x34 drivers/built-in.o
                0x00000000402f7ce0                i2c_read
 .text.i2c_write
                0x00000000402f7d14       0x34 drivers/built-in.o
                0x00000000402f7d14                i2c_write
 .text.i2c_init
                0x00000000402f7d48        0xe drivers/built-in.o
                0x00000000402f7d48                i2c_init
 *fill*         0x00000000402f7d56        0x2 
 .text.__omap24_i2c_setspeed
                0x00000000402f7d58       0xfc drivers/built-in.o
 .text.wait_for_bb
                0x00000000402f7e54       0x54 drivers/built-in.o
 .text.wait_for_event
                0x00000000402f7ea8       0x50 drivers/built-in.o
 .text.flush_fifo
                0x00000000402f7ef8       0x2a drivers/built-in.o
 *fill*         0x00000000402f7f22        0x2 
 .text.omap24_get_base.isra.0
                0x00000000402f7f24       0x34 drivers/built-in.o
 .text.omap24_i2c_setspeed
                0x00000000402f7f58       0x34 drivers/built-in.o
 .text.omap24_i2c_write
                0x00000000402f7f8c      0x194 drivers/built-in.o
 .text.omap24_i2c_read
                0x00000000402f8120      0x178 drivers/built-in.o
 .text.omap24_i2c_probe
                0x00000000402f8298       0xac drivers/built-in.o
 .text.omap24_i2c_init
                0x00000000402f8344      0x19c drivers/built-in.o
 .text.mmc_send_ext_csd
                0x00000000402f84e0       0x2e drivers/built-in.o
 *fill*         0x00000000402f850e        0x2 
 .text.mmc_send_op_cond_iter
                0x00000000402f8510       0x44 drivers/built-in.o
 .text.mmc_go_idle
                0x00000000402f8554       0x32 drivers/built-in.o
 .text.mmc_set_capacity
                0x00000000402f8586       0x6e drivers/built-in.o
 .text.mmc_send_status
                0x00000000402f85f4       0x84 drivers/built-in.o
                0x00000000402f85f4                mmc_send_status
 .text.mmc_set_blocklen
                0x00000000402f8678       0x26 drivers/built-in.o
                0x00000000402f8678                mmc_set_blocklen
 *fill*         0x00000000402f869e        0x2 
 .text.mmc_bread
                0x00000000402f86a0       0xd8 drivers/built-in.o
                0x00000000402f86a0                mmc_bread
 .text.mmc_switch
                0x00000000402f8778       0x3e drivers/built-in.o
                0x00000000402f8778                mmc_switch
 .text.mmc_switch_part
                0x00000000402f87b6       0x40 drivers/built-in.o
                0x00000000402f87b6                mmc_switch_part
 .text.mmc_set_clock
                0x00000000402f87f6       0x1c drivers/built-in.o
                0x00000000402f87f6                mmc_set_clock
 *fill*         0x00000000402f8812        0x2 
 .text.mmc_startup
                0x00000000402f8814      0x8e8 drivers/built-in.o
 .text.mmc_start_init
                0x00000000402f90fc      0x164 drivers/built-in.o
                0x00000000402f90fc                mmc_start_init
 .text.mmc_init
                0x00000000402f9260       0xd0 drivers/built-in.o
                0x00000000402f9260                mmc_init
 .text.mmc_initialize
                0x00000000402f9330       0x1c drivers/built-in.o
                0x00000000402f9330                mmc_initialize
 .text.dm_mmc_set_ios
                0x00000000402f934c       0x10 drivers/built-in.o
                0x00000000402f934c                dm_mmc_set_ios
 .text.mmc_set_ios
                0x00000000402f935c        0x8 drivers/built-in.o
                0x00000000402f935c                mmc_set_ios
 .text.dm_mmc_get_cd
                0x00000000402f9364       0x10 drivers/built-in.o
                0x00000000402f9364                dm_mmc_get_cd
 .text.mmc_getcd
                0x00000000402f9374        0x8 drivers/built-in.o
                0x00000000402f9374                mmc_getcd
 .text.mmc_get_mmc_dev
                0x00000000402f937c       0x16 drivers/built-in.o
                0x00000000402f937c                mmc_get_mmc_dev
 .text.dm_mmc_send_cmd
                0x00000000402f9392       0x26 drivers/built-in.o
                0x00000000402f9392                dm_mmc_send_cmd
 .text.mmc_send_cmd
                0x00000000402f93b8        0x8 drivers/built-in.o
                0x00000000402f93b8                mmc_send_cmd
 .text.mmc_berase
                0x00000000402f93c0        0x4 drivers/built-in.o
 .text.mmc_bwrite
                0x00000000402f93c4        0x4 drivers/built-in.o
 .text.find_mmc_device
                0x00000000402f93c8       0x30 drivers/built-in.o
                0x00000000402f93c8                find_mmc_device
 .text.mmc_select_hwpartp
                0x00000000402f93f8       0x36 drivers/built-in.o
 .text.mmc_get_dev
                0x00000000402f942e       0x1e drivers/built-in.o
 .text.mmc_get_next_devnum
                0x00000000402f944c       0x10 drivers/built-in.o
                0x00000000402f944c                mmc_get_next_devnum
 .text.mmc_get_blk_desc
                0x00000000402f945c        0x4 drivers/built-in.o
                0x00000000402f945c                mmc_get_blk_desc
 .text.mmc_do_preinit
                0x00000000402f9460       0x24 drivers/built-in.o
                0x00000000402f9460                mmc_do_preinit
 .text.mmc_list_init
                0x00000000402f9484       0x18 drivers/built-in.o
                0x00000000402f9484                mmc_list_init
 .text.mmc_list_add
                0x00000000402f949c       0x14 drivers/built-in.o
                0x00000000402f949c                mmc_list_add
 .text.mmc_create
                0x00000000402f94b0       0x78 drivers/built-in.o
                0x00000000402f94b0                mmc_create
 .text.mmc_reset_controller_fsm
                0x00000000402f9528       0x80 drivers/built-in.o
 .text.omap_hsmmc_getwp
                0x00000000402f95a8       0x12 drivers/built-in.o
 .text.omap_hsmmc_getcd
                0x00000000402f95ba       0x22 drivers/built-in.o
 .text.omap_hsmmc_set_ios
                0x00000000402f95dc      0x128 drivers/built-in.o
 .text.omap_hsmmc_send_cmd
                0x00000000402f9704      0x334 drivers/built-in.o
 .text.mmc_init_stream
                0x00000000402f9a38       0xa4 drivers/built-in.o
                0x00000000402f9a38                mmc_init_stream
 .text.omap_hsmmc_probe
                0x00000000402f9adc      0x1ac drivers/built-in.o
 .text.nand_command
                0x00000000402f9c88      0x266 drivers/built-in.o
 *fill*         0x00000000402f9eee        0x2 
 .text.nand_init
                0x00000000402f9ef0       0x40 drivers/built-in.o
                0x00000000402f9ef0                nand_init
 .text.nand_deselect
                0x00000000402f9f30       0x1c drivers/built-in.o
                0x00000000402f9f30                nand_deselect
 .text.nand_spl_load_image
                0x00000000402f9f4c      0x170 drivers/built-in.o
                0x00000000402f9f4c                nand_spl_load_image
 .text.nand_read_buf
                0x00000000402fa0bc       0x1e drivers/built-in.o
                0x00000000402fa0bc                nand_read_buf
 .text.nand_read_buf16
                0x00000000402fa0da       0x20 drivers/built-in.o
                0x00000000402fa0da                nand_read_buf16
 .text.nand_wait_status_ready.constprop.17
                0x00000000402fa0fa       0x2a drivers/built-in.o
 .text.nand_wait_ready
                0x00000000402fa124       0x34 drivers/built-in.o
                0x00000000402fa124                nand_wait_ready
 .text.omap_nand_hwcontrol
                0x00000000402fa158       0x58 drivers/built-in.o
 .text.omap_dev_ready
                0x00000000402fa1b0       0x1c drivers/built-in.o
 .text.omap_enable_hwecc
                0x00000000402fa1cc       0x98 drivers/built-in.o
 .text.omap_calculate_ecc
                0x00000000402fa264      0x108 drivers/built-in.o
 .text.omap_reverse_list
                0x00000000402fa36c       0x1e drivers/built-in.o
 .text.omap_read_page_bch
                0x00000000402fa38a      0x134 drivers/built-in.o
 *fill*         0x00000000402fa4be        0x2 
 .text.omap_correct_data_bch
                0x00000000402fa4c0      0x11c drivers/built-in.o
 .text.omap_nand_read_prefetch
                0x00000000402fa5dc      0x104 drivers/built-in.o
 .text.board_nand_init
                0x00000000402fa6e0      0x16c drivers/built-in.o
                0x00000000402fa6e0                board_nand_init
 .text.elm_check_error
                0x00000000402fa84c      0x174 drivers/built-in.o
                0x00000000402fa84c                elm_check_error
 .text.elm_config
                0x00000000402fa9c0       0x48 drivers/built-in.o
                0x00000000402fa9c0                elm_config
 .text.elm_reset
                0x00000000402faa08       0x28 drivers/built-in.o
                0x00000000402faa08                elm_reset
 .text.elm_init
                0x00000000402faa30       0x14 drivers/built-in.o
                0x00000000402faa30                elm_init
 .text._serial_putc
                0x00000000402faa44       0x22 drivers/built-in.o
 .text.serial_post_probe
                0x00000000402faa66       0x12 drivers/built-in.o
 .text.serial_pre_remove
                0x00000000402faa78        0x4 drivers/built-in.o
 .text.serial_init
                0x00000000402faa7c       0x50 drivers/built-in.o
                0x00000000402faa7c                serial_init
 .text.serial_putc
                0x00000000402faacc       0x12 drivers/built-in.o
                0x00000000402faacc                serial_putc
 .text.serial_puts
                0x00000000402faade       0x1e drivers/built-in.o
                0x00000000402faade                serial_puts
 .text.serial_getc
                0x00000000402faafc       0x28 drivers/built-in.o
                0x00000000402faafc                serial_getc
 .text.serial_tstc
                0x00000000402fab24       0x1a drivers/built-in.o
                0x00000000402fab24                serial_tstc
 .text.ns16550_writeb.isra.0
                0x00000000402fab3e       0x14 drivers/built-in.o
 .text.NS16550_setbrg
                0x00000000402fab52       0x34 drivers/built-in.o
 .text.ns16550_serial_setbrg
                0x00000000402fab86       0x24 drivers/built-in.o
 .text.ns16550_readb.isra.1
                0x00000000402fabaa       0x14 drivers/built-in.o
 .text.ns16550_serial_pending
                0x00000000402fabbe       0x28 drivers/built-in.o
 .text.ns16550_serial_putc
                0x00000000402fabe6       0x34 drivers/built-in.o
 .text.ns16550_serial_getc
                0x00000000402fac1a       0x26 drivers/built-in.o
 .text.NS16550_init
                0x00000000402fac40       0x54 drivers/built-in.o
                0x00000000402fac40                NS16550_init
 .text.ns16550_serial_probe
                0x00000000402fac94       0x20 drivers/built-in.o
                0x00000000402fac94                ns16550_serial_probe
 .text.gpio_to_device
                0x00000000402facb4       0x48 drivers/built-in.o
 .text.check_reserved
                0x00000000402facfc       0x4c drivers/built-in.o
 .text.gpio_renumber
                0x00000000402fad48       0x44 drivers/built-in.o
 .text.gpio_pre_remove
                0x00000000402fad8c       0x12 drivers/built-in.o
 .text.gpio_post_probe
                0x00000000402fad9e       0x24 drivers/built-in.o
 .text.dm_gpio_request
                0x00000000402fadc2       0x5c drivers/built-in.o
                0x00000000402fadc2                dm_gpio_request
 .text.gpio_request
                0x00000000402fae1e       0x18 drivers/built-in.o
                0x00000000402fae1e                gpio_request
 *fill*         0x00000000402fae36        0x2 
 .text.gpio_direction_output
                0x00000000402fae38       0x2c drivers/built-in.o
                0x00000000402fae38                gpio_direction_output
 .text.dm_gpio_get_value
                0x00000000402fae64       0x2c drivers/built-in.o
                0x00000000402fae64                dm_gpio_get_value
 .text.omap_gpio_get_value
                0x00000000402fae90       0x2c drivers/built-in.o
 .text.omap_gpio_direction_output
                0x00000000402faebc       0x30 drivers/built-in.o
 .text.omap_gpio_probe
                0x00000000402faeec       0x28 drivers/built-in.o
 .text.omap_gpio_bind
                0x00000000402faf14       0x46 drivers/built-in.o
 .text.omap_gpio_direction_input
                0x00000000402faf5a       0x1e drivers/built-in.o
 .text.omap_gpio_get_function
                0x00000000402faf78       0x1e drivers/built-in.o
 .text.omap_gpio_set_value
                0x00000000402faf96       0x24 drivers/built-in.o
 .text.tps65217_reg_read
                0x00000000402fafba       0x16 drivers/built-in.o
                0x00000000402fafba                tps65217_reg_read
 .text.tps65217_reg_write
                0x00000000402fafd0       0x98 drivers/built-in.o
                0x00000000402fafd0                tps65217_reg_write
 .text.tps65217_voltage_update
                0x00000000402fb068       0x32 drivers/built-in.o
                0x00000000402fb068                tps65217_voltage_update
 .text.tps65910_set_i2c_control
                0x00000000402fb09a       0x36 drivers/built-in.o
                0x00000000402fb09a                tps65910_set_i2c_control
 .text.tps65910_voltage_update
                0x00000000402fb0d0       0x94 drivers/built-in.o
                0x00000000402fb0d0                tps65910_voltage_update
 .text.musb_gadget_enable
                0x00000000402fb164      0x194 drivers/built-in.o
 .text.musb_free_request
                0x00000000402fb2f8        0x2 drivers/built-in.o
                0x00000000402fb2f8                musb_free_request
 .text.musb_gadget_fifo_status
                0x00000000402fb2fa       0x26 drivers/built-in.o
 .text.musb_gadget_fifo_flush
                0x00000000402fb320       0x52 drivers/built-in.o
 .text.musb_gadget_get_frame
                0x00000000402fb372        0xe drivers/built-in.o
 .text.musb_gadget_wakeup
                0x00000000402fb380        0x4 drivers/built-in.o
 .text.musb_gadget_set_self_powered
                0x00000000402fb384       0x16 drivers/built-in.o
 .text.musb_gadget_vbus_draw
                0x00000000402fb39a        0x4 drivers/built-in.o
 .text.txstate  0x00000000402fb39e       0x66 drivers/built-in.o
 .text.musb_alloc_request
                0x00000000402fb404       0x22 drivers/built-in.o
                0x00000000402fb404                musb_alloc_request
 *fill*         0x00000000402fb426        0x2 
 .text.init_peripheral_ep
                0x00000000402fb428       0xb4 drivers/built-in.o
 .text.musb_gadget_pullup
                0x00000000402fb4dc       0x38 drivers/built-in.o
 .text.musb_g_giveback
                0x00000000402fb514       0x32 drivers/built-in.o
                0x00000000402fb514                musb_g_giveback
 .text.rxstate  0x00000000402fb546       0x94 drivers/built-in.o
 .text.musb_gadget_dequeue
                0x00000000402fb5da       0x3a drivers/built-in.o
 .text.musb_gadget_disable
                0x00000000402fb614       0x6c drivers/built-in.o
 .text.musb_g_tx
                0x00000000402fb680       0xe2 drivers/built-in.o
                0x00000000402fb680                musb_g_tx
 .text.musb_g_rx
                0x00000000402fb762       0x6c drivers/built-in.o
                0x00000000402fb762                musb_g_rx
 .text.musb_ep_restart
                0x00000000402fb7ce       0x1e drivers/built-in.o
                0x00000000402fb7ce                musb_ep_restart
 .text.musb_gadget_set_halt
                0x00000000402fb7ec       0xc0 drivers/built-in.o
 .text.musb_gadget_queue
                0x00000000402fb8ac       0x74 drivers/built-in.o
 .text.musb_gadget_setup
                0x00000000402fb920       0x90 drivers/built-in.o
                0x00000000402fb920                musb_gadget_setup
 .text.musb_g_ep0_disable
                0x00000000402fb9b0        0x6 drivers/built-in.o
 .text.musb_g_ep0_dequeue
                0x00000000402fb9b6        0x6 drivers/built-in.o
 .text.musb_g_ep0_halt
                0x00000000402fb9bc       0x5e drivers/built-in.o
 .text.musb_g_ep0_enable
                0x00000000402fba1a        0x6 drivers/built-in.o
 .text.ep0_txstate
                0x00000000402fba20       0x94 drivers/built-in.o
 .text.musb_g_ep0_queue
                0x00000000402fbab4       0xb2 drivers/built-in.o
 *fill*         0x00000000402fbb66        0x2 
 .text.musb_g_ep0_irq
                0x00000000402fbb68      0x5fc drivers/built-in.o
                0x00000000402fbb68                musb_g_ep0_irq
 .text.fifo_setup
                0x00000000402fc164      0x12a drivers/built-in.o
 .text.musb_write_fifo
                0x00000000402fc28e       0x72 drivers/built-in.o
                0x00000000402fc28e                musb_write_fifo
 .text.musb_read_fifo
                0x00000000402fc300       0x72 drivers/built-in.o
                0x00000000402fc300                musb_read_fifo
 *fill*         0x00000000402fc372        0x2 
 .text.musb_load_testpacket
                0x00000000402fc374       0x24 drivers/built-in.o
                0x00000000402fc374                musb_load_testpacket
 .text.musb_interrupt
                0x00000000402fc398       0xca drivers/built-in.o
                0x00000000402fc398                musb_interrupt
 *fill*         0x00000000402fc462        0x2 
 .text.musb_init_controller
                0x00000000402fc464      0x43c drivers/built-in.o
                0x00000000402fc464                musb_init_controller
 .text.musb_register
                0x00000000402fc8a0       0x3c drivers/built-in.o
                0x00000000402fc8a0                musb_register
 .text.musb_h_tx_flush_fifo
                0x00000000402fc8dc       0x40 drivers/built-in.o
 .text.musb_h_ep0_flush_fifo
                0x00000000402fc91c       0x3c drivers/built-in.o
 .text.musb_start_urb
                0x00000000402fc958      0x344 drivers/built-in.o
 .text.musb_advance_schedule
                0x00000000402fcc9c      0x140 drivers/built-in.o
 .text.musb_h_ep0_irq
                0x00000000402fcddc      0x1c0 drivers/built-in.o
                0x00000000402fcddc                musb_h_ep0_irq
 .text.musb_host_tx
                0x00000000402fcf9c      0x12a drivers/built-in.o
                0x00000000402fcf9c                musb_host_tx
 *fill*         0x00000000402fd0c6        0x2 
 .text.musb_host_rx
                0x00000000402fd0c8      0x274 drivers/built-in.o
                0x00000000402fd0c8                musb_host_rx
 .text.dsps_musb_enable
                0x00000000402fd33c       0x1c drivers/built-in.o
 .text.dsps_musb_disable
                0x00000000402fd358        0x2 drivers/built-in.o
 *fill*         0x00000000402fd35a        0x2 
 .text.dsps_musb_init
                0x00000000402fd35c       0x50 drivers/built-in.o
 .text.dsps_musb_exit
                0x00000000402fd3ac       0x14 drivers/built-in.o
 .text.dsps_interrupt
                0x00000000402fd3c0       0x46 drivers/built-in.o
 *fill*         0x00000000402fd406        0x2 
 .text.hw_watchdog_reset
                0x00000000402fd408       0x30 drivers/built-in.o
                0x00000000402fd408                hw_watchdog_reset
 .text.hw_watchdog_disable
                0x00000000402fd438       0x30 drivers/built-in.o
                0x00000000402fd438                hw_watchdog_disable
 .text.hw_watchdog_init
                0x00000000402fd468       0x74 drivers/built-in.o
                0x00000000402fd468                hw_watchdog_init
 .text.get_desc
                0x00000000402fd4dc       0x3a drivers/built-in.o
 *fill*         0x00000000402fd516        0x2 
 .text.blk_driver_lookup_type
                0x00000000402fd518       0x24 drivers/built-in.o
                0x00000000402fd518                blk_driver_lookup_type
 .text.blk_dselect_hwpart
                0x00000000402fd53c       0x26 drivers/built-in.o
                0x00000000402fd53c                blk_dselect_hwpart
 *fill*         0x00000000402fd562        0x2 
 .text.blk_get_devnum_by_typename
                0x00000000402fd564       0x40 drivers/built-in.o
                0x00000000402fd564                blk_get_devnum_by_typename
 .text.downcase
                0x00000000402fd5a4       0x24 fs/built-in.o
 .text.disk_read
                0x00000000402fd5c8       0x30 fs/built-in.o
 .text.mkcksum  0x00000000402fd5f8       0x36 fs/built-in.o
 *fill*         0x00000000402fd62e        0x2 
 .text.disk_write
                0x00000000402fd630       0x4c fs/built-in.o
 .text.flush_dirty_fat_buffer
                0x00000000402fd67c       0x60 fs/built-in.o
 .text.get_fatent
                0x00000000402fd6dc       0xf8 fs/built-in.o
 .text.next_dent
                0x00000000402fd7d4       0xb0 fs/built-in.o
 .text.get_name
                0x00000000402fd884       0x8c fs/built-in.o
 .text.get_cluster
                0x00000000402fd910       0xf0 fs/built-in.o
 .text.read_bootsectandvi
                0x00000000402fda00       0xa8 fs/built-in.o
 .text.fat_itr_root
                0x00000000402fdaa8       0xe8 fs/built-in.o
 .text.slot2str
                0x00000000402fdb90       0x5c fs/built-in.o
 .text.fat_itr_next
                0x00000000402fdbec       0xc8 fs/built-in.o
 .text.fat_itr_resolve
                0x00000000402fdcb4       0xe4 fs/built-in.o
 .text.fat_set_blk_dev
                0x00000000402fdd98       0x88 fs/built-in.o
                0x00000000402fdd98                fat_set_blk_dev
 .text.fat_register_device
                0x00000000402fde20       0x54 fs/built-in.o
                0x00000000402fde20                fat_register_device
 .text.file_fat_read_at
                0x00000000402fde74      0x2e0 fs/built-in.o
                0x00000000402fde74                file_fat_read_at
 .text.file_fat_read
                0x00000000402fe154       0x22 fs/built-in.o
                0x00000000402fe154                file_fat_read
 *fill*         0x00000000402fe176        0x2 
 .text.fat_read_file
                0x00000000402fe178       0x30 fs/built-in.o
                0x00000000402fe178                fat_read_file
 .text.get_fs   0x00000000402fe1a8        0x8 fs/built-in.o
                0x00000000402fe1a8                get_fs
 .text.ext4fs_free_node
                0x00000000402fe1b0        0x2 fs/built-in.o
                0x00000000402fe1b0                ext4fs_free_node
 *fill*         0x00000000402fe1b2        0x2 
 .text.ext4fs_read_file
                0x00000000402fe1b4      0x270 fs/built-in.o
                0x00000000402fe1b4                ext4fs_read_file
 .text.ext4fs_read
                0x00000000402fe424       0x38 fs/built-in.o
                0x00000000402fe424                ext4fs_read
 .text.ext4fs_bg_get_inode_table_id
                0x00000000402fe45c       0x1a fs/built-in.o
                0x00000000402fe45c                ext4fs_bg_get_inode_table_id
 .text.ext4fs_read_inode
                0x00000000402fe476       0xe2 fs/built-in.o
                0x00000000402fe476                ext4fs_read_inode
 .text.read_allocated_block
                0x00000000402fe558      0x5e8 fs/built-in.o
                0x00000000402fe558                read_allocated_block
 .text.ext4fs_iterate_dir
                0x00000000402feb40      0x1d0 fs/built-in.o
                0x00000000402feb40                ext4fs_iterate_dir
 .text.ext4fs_find_file1
                0x00000000402fed10      0x1b0 fs/built-in.o
 .text.ext4fs_find_file
                0x00000000402feec0       0x40 fs/built-in.o
                0x00000000402feec0                ext4fs_find_file
 .text.ext4fs_open
                0x00000000402fef00       0x64 fs/built-in.o
                0x00000000402fef00                ext4fs_open
 .text.ext4fs_mount
                0x00000000402fef64       0x90 fs/built-in.o
                0x00000000402fef64                ext4fs_mount
 .text.ext4fs_set_blk_dev
                0x00000000402feff4       0x44 fs/built-in.o
                0x00000000402feff4                ext4fs_set_blk_dev
 .text.ext4fs_devread
                0x00000000402ff038       0x28 fs/built-in.o
                0x00000000402ff038                ext4fs_devread
 .text.ext4_read_superblock
                0x00000000402ff060       0x28 fs/built-in.o
                0x00000000402ff060                ext4_read_superblock
 .text.fs_devread
                0x00000000402ff088      0x170 fs/built-in.o
                0x00000000402ff088                fs_devread
 .text.__ashldi3
                0x00000000402ff1f8       0x20 arch/arm/lib/lib.a(ashldi3.o)
                0x00000000402ff1f8                __ashldi3
                0x00000000402ff1f8                __aeabi_llsl
 .text.__udivsi3
                0x00000000402ff218       0x9c arch/arm/lib/lib.a(lib1funcs.o)
                0x00000000402ff218                __udivsi3
                0x00000000402ff218                __aeabi_uidiv
 .text.__divsi3
                0x00000000402ff2b4       0xcc arch/arm/lib/lib.a(lib1funcs.o)
                0x00000000402ff2b4                __aeabi_idiv
                0x00000000402ff2b4                __divsi3
 .text.__aeabi_uidivmod
                0x00000000402ff380       0x30 arch/arm/lib/lib.a(lib1funcs.o)
                0x00000000402ff380                __aeabi_uidivmod
                0x00000000402ff398                __aeabi_idivmod
 .text.Ldiv0    0x00000000402ff3b0       0x10 arch/arm/lib/lib.a(lib1funcs.o)
 .text.__lshldi3
                0x00000000402ff3c0       0x20 arch/arm/lib/lib.a(lshrdi3.o)
                0x00000000402ff3c0                __aeabi_llsr
                0x00000000402ff3c0                __lshrdi3
 .text.__div0   0x00000000402ff3e0        0x4 arch/arm/lib/lib.a(div0.o)
                0x00000000402ff3e0                __div0

.glue_7         0x00000000402ff3e4        0x0
 .glue_7        0x00000000402ff3e4        0x0 linker stubs

.glue_7t        0x00000000402ff3e4        0x0
 .glue_7t       0x00000000402ff3e4        0x0 linker stubs

.vfp11_veneer   0x00000000402ff3e4        0x0
 .vfp11_veneer  0x00000000402ff3e4        0x0 linker stubs

.v4_bx          0x00000000402ff3e4        0x0
 .v4_bx         0x00000000402ff3e4        0x0 linker stubs

.iplt           0x00000000402ff3e4        0x0
 .iplt          0x00000000402ff3e4        0x0 arch/arm/cpu/armv7/start.o
                0x00000000402ff3e4                . = ALIGN (0x4)

.rodata         0x00000000402ff3e8     0x6fb9
 *(SORT(.rodata*))
 .rodata.am335x_mmc0_platdata
                0x00000000402ff3e8      0x198 board/ti/am335x/built-in.o
 .rodata.am335x_mmc1_platdata
                0x00000000402ff580      0x198 board/ti/am335x/built-in.o
 .rodata        0x00000000402ff718       0xa0 arch/arm/mach-omap2/built-in.o
 .rodata.dpll_core_regs
                0x00000000402ff7b8       0x24 arch/arm/mach-omap2/built-in.o
                0x00000000402ff7b8                dpll_core_regs
 .rodata.dpll_ddr3_400MHz
                0x00000000402ff7dc       0x40 arch/arm/mach-omap2/built-in.o
                0x00000000402ff7dc                dpll_ddr3_400MHz
 .rodata.dpll_per_regs
                0x00000000402ff81c       0x24 arch/arm/mach-omap2/built-in.o
                0x00000000402ff81c                dpll_per_regs
 .rodata.dpll_per_192MHz
                0x00000000402ff840       0x40 arch/arm/mach-omap2/built-in.o
                0x00000000402ff840                dpll_per_192MHz
 .rodata.dpll_ddr3_303MHz
                0x00000000402ff880       0x40 arch/arm/mach-omap2/built-in.o
                0x00000000402ff880                dpll_ddr3_303MHz
 .rodata.dpll_mpu_regs
                0x00000000402ff8c0       0x24 arch/arm/mach-omap2/built-in.o
                0x00000000402ff8c0                dpll_mpu_regs
 .rodata.cmwkup
                0x00000000402ff8e4        0x4 arch/arm/mach-omap2/built-in.o
                0x00000000402ff8e4                cmwkup
 .rodata.dpll_ddr2_266MHz
                0x00000000402ff8e8       0x40 arch/arm/mach-omap2/built-in.o
                0x00000000402ff8e8                dpll_ddr2_266MHz
 .rodata.dpll_mpu_opp
                0x00000000402ff928      0x180 arch/arm/mach-omap2/built-in.o
                0x00000000402ff928                dpll_mpu_opp
 .rodata.dpll_ddr_regs
                0x00000000402ffaa8       0x24 arch/arm/mach-omap2/built-in.o
                0x00000000402ffaa8                dpll_ddr_regs
 .rodata.dpll_core_1000MHz
                0x00000000402ffacc       0x40 arch/arm/mach-omap2/built-in.o
                0x00000000402ffacc                dpll_core_1000MHz
 .rodata.ddr_data_reg
                0x00000000402ffb0c        0x8 arch/arm/mach-omap2/built-in.o
 .rodata.ddr_cmd_reg
                0x00000000402ffb14        0x8 arch/arm/mach-omap2/built-in.o
 .rodata.emif_reg
                0x00000000402ffb1c        0x8 arch/arm/mach-omap2/built-in.o
 .rodata.vtpreg
                0x00000000402ffb24        0x8 arch/arm/mach-omap2/built-in.o
 .rodata.am33xx_gpio
                0x00000000402ffb2c       0x30 arch/arm/mach-omap2/built-in.o
 .rodata.am33xx_serial
                0x00000000402ffb5c       0x78 arch/arm/mach-omap2/built-in.o
 .rodata.am33xx_ctrl
                0x00000000402ffbd4      0x1c8 arch/arm/mach-omap2/built-in.o
                0x00000000402ffbd4                am33xx_ctrl
 .rodata.ddr2_evm_emif_reg_data
                0x00000000402ffd9c       0x70 board/ti/am335x/built-in.o
 .rodata.ddr3_evm_data
                0x00000000402ffe0c       0x18 board/ti/am335x/built-in.o
 .rodata.ddr3_evm_cmd_ctrl_data
                0x00000000402ffe24       0x30 board/ti/am335x/built-in.o
 .rodata.ddr3_beagleblack_data
                0x00000000402ffe54       0x18 board/ti/am335x/built-in.o
 .rodata.ddr2_data
                0x00000000402ffe6c       0x18 board/ti/am335x/built-in.o
 .rodata.ioregs_evmsk
                0x00000000402ffe84       0x20 board/ti/am335x/built-in.o
                0x00000000402ffe84                ioregs_evmsk
 .rodata.ddr2_emif_reg_data
                0x00000000402ffea4       0x70 board/ti/am335x/built-in.o
 .rodata.ddr3_cmd_ctrl_data
                0x00000000402fff14       0x30 board/ti/am335x/built-in.o
 .rodata.ddr3_icev2_cmd_ctrl_data
                0x00000000402fff44       0x30 board/ti/am335x/built-in.o
 .rodata.ioregs_bonelt
                0x00000000402fff74       0x20 board/ti/am335x/built-in.o
                0x00000000402fff74                ioregs_bonelt
 .rodata.ddr3_beagleblack_cmd_ctrl_data
                0x00000000402fff94       0x30 board/ti/am335x/built-in.o
 .rodata.ioregs
                0x00000000402fffc4       0x20 board/ti/am335x/built-in.o
                0x00000000402fffc4                ioregs
 .rodata.ddr2_cmd_ctrl_data
                0x00000000402fffe4       0x30 board/ti/am335x/built-in.o
 .rodata.ddr3_icev2_data
                0x0000000040300014       0x18 board/ti/am335x/built-in.o
 .rodata.ddr3_data
                0x000000004030002c       0x18 board/ti/am335x/built-in.o
 .rodata.ioregs_evm15
                0x0000000040300044       0x20 board/ti/am335x/built-in.o
                0x0000000040300044                ioregs_evm15
 .rodata.CSWTCH.28
                0x0000000040300064       0x20 common/built-in.o
 .rodata.uimage_os
                0x0000000040300084       0x78 common/built-in.o
 .rodata.env_flags_varaccess_mask
                0x00000000403000fc       0x10 env/built-in.o
 .rodata.fdt_errtable
                0x000000004030010c       0x48 lib/built-in.o
 .rodata.crc_table
                0x0000000040300154      0x400 lib/built-in.o
 .rodata.CSWTCH.49
                0x0000000040300554       0x20 disk/built-in.o
 .rodata.root_info
                0x0000000040300574        0x8 drivers/built-in.o
 .rodata.widths.10317
                0x000000004030057c       0x14 drivers/built-in.o
 .rodata.fbase  0x0000000040300590       0x10 drivers/built-in.o
 .rodata.sd_au_size
                0x00000000403005a0       0x40 drivers/built-in.o
 .rodata.ext_csd_bits.10315
                0x00000000403005e0       0x14 drivers/built-in.o
 .rodata.ext_to_hostcaps.10316
                0x00000000403005f4       0x1c drivers/built-in.o
 .rodata.omap_hsmmc_ops
                0x0000000040300610       0x10 drivers/built-in.o
 .rodata.nand_ecc_pos
                0x0000000040300620       0xe0 drivers/built-in.o
 .rodata.ns16550_serial_ops
                0x0000000040300700       0x14 drivers/built-in.o
                0x0000000040300700                ns16550_serial_ops
 .rodata.gpio_omap_ops
                0x0000000040300714       0x28 drivers/built-in.o
 .rodata.omap_gpio_ids
                0x000000004030073c       0x20 drivers/built-in.o
 .rodata.musb_ep_ops
                0x000000004030075c       0x28 drivers/built-in.o
 .rodata.musb_gadget_operations
                0x0000000040300784       0x24 drivers/built-in.o
 .rodata.musb_g_ep0_ops
                0x00000000403007a8       0x28 drivers/built-in.o
                0x00000000403007a8                musb_g_ep0_ops
 .rodata.CSWTCH.19
                0x00000000403007d0       0x1c drivers/built-in.o
 .rodata.crc16_tab
                0x00000000403007ec      0x200 lib/built-in.o
 .rodata.str1.1
                0x00000000403009ec      0x24f arch/arm/mach-omap2/built-in.o
                                        0x251 (size before relaxing)
 .rodata.str1.1
                0x0000000040300c3b      0x296 arch/arm/lib/built-in.o
                                        0x2cf (size before relaxing)
 .rodata.str1.1
                0x0000000040300ed1      0x18c board/ti/am335x/built-in.o
                                        0x1bf (size before relaxing)
 .rodata.str1.1
                0x000000004030105d       0x69 board/ti/common/built-in.o
                                         0x6e (size before relaxing)
 .rodata.str1.1
                0x00000000403010c6      0x5e9 common/spl/built-in.o
                                        0x73b (size before relaxing)
 .rodata.__func__.8369
                0x00000000403016af       0x13 common/spl/built-in.o
 .rodata.__func__.8378
                0x00000000403016c2       0x16 common/spl/built-in.o
 .rodata.__func__.8349
                0x00000000403016d8       0x18 common/spl/built-in.o
 .rodata.__func__.8424
                0x00000000403016f0       0x16 common/spl/built-in.o
 .rodata.__func__.8412
                0x0000000040301706       0x13 common/spl/built-in.o
 .rodata.str1.1
                0x0000000040301719     0x18dd common/built-in.o
                                       0x1a8b (size before relaxing)
 .rodata.__func__.8158
                0x0000000040302ff6       0x15 common/built-in.o
 .rodata.__func__.8938
                0x000000004030300b       0x18 common/built-in.o
 .rodata.__FUNCTION__.9061
                0x0000000040303023       0x17 common/built-in.o
 .rodata.str1.1
                0x000000004030303a       0xb7 cmd/built-in.o
 .rodata        0x00000000403030f1        0x3 env/built-in.o
 .rodata.default_environment
                0x00000000403030f4       0xe3 env/built-in.o
                0x00000000403030f4                default_environment
 .rodata.str1.1
                0x00000000403031d7      0x41b env/built-in.o
                                        0x420 (size before relaxing)
 .rodata.env_flags_varaccess_rep
                0x00000000403035f2        0x5 env/built-in.o
 .rodata.env_flags_vartype_rep
                0x00000000403035f7        0x7 env/built-in.o
 .rodata        0x00000000403035fe       0x20 lib/built-in.o
 .rodata.str1.1
                0x000000004030361e      0x38e lib/built-in.o
                                        0x426 (size before relaxing)
 .rodata._ctype
                0x00000000403039ac      0x100 lib/built-in.o
                0x00000000403039ac                _ctype
 .rodata.str1.1
                0x0000000040303aac      0xb82 disk/built-in.o
                                        0xbc4 (size before relaxing)
 .rodata.__func__.8925
                0x000000004030462e       0x12 disk/built-in.o
 .rodata.__func__.9067
                0x0000000040304640        0xd disk/built-in.o
 .rodata.__func__.9079
                0x000000004030464d       0x17 disk/built-in.o
 .rodata.__func__.9084
                0x0000000040304664        0xd disk/built-in.o
 .rodata.str1.1
                0x0000000040304671     0x1243 drivers/built-in.o
                                       0x1367 (size before relaxing)
 .rodata.__func__.10244
                0x00000000403058b4       0x14 drivers/built-in.o
 .rodata.multipliers
                0x00000000403058c8       0x10 drivers/built-in.o
 .rodata.__func__.10347
                0x00000000403058d8        0x9 drivers/built-in.o
 .rodata.__func__.10977
                0x00000000403058e1       0x19 drivers/built-in.o
 .rodata.__func__.11041
                0x00000000403058fa        0xe drivers/built-in.o
 .rodata.__func__.10993
                0x0000000040305908       0x14 drivers/built-in.o
 .rodata.__func__.10882
                0x000000004030591c       0x10 drivers/built-in.o
 .rodata.__func__.11144
                0x000000004030592c       0x13 drivers/built-in.o
 .rodata.__func__.11076
                0x000000004030593f        0xf drivers/built-in.o
 .rodata.__func__.10913
                0x000000004030594e       0x16 drivers/built-in.o
 .rodata.__func__.11608
                0x0000000040305964        0xf drivers/built-in.o
 .rodata.__func__.11479
                0x0000000040305973       0x12 drivers/built-in.o
 .rodata.musb_driver_name
                0x0000000040305985        0xa drivers/built-in.o
                0x0000000040305985                musb_driver_name
 .rodata.musb_test_packet
                0x000000004030598f       0x35 drivers/built-in.o
 .rodata.__func__.11538
                0x00000000403059c4        0xf drivers/built-in.o
 .rodata.__func__.11501
                0x00000000403059d3       0x10 drivers/built-in.o
 .rodata.__func__.11460
                0x00000000403059e3        0xf drivers/built-in.o
 .rodata.__func__.11524
                0x00000000403059f2       0x14 drivers/built-in.o
 .rodata.__func__.11586
                0x0000000040305a06        0xd drivers/built-in.o
 .rodata.str1.1
                0x0000000040305a13      0x983 fs/built-in.o
                                        0x9ce (size before relaxing)
 .rodata.__func__.8130
                0x0000000040306396        0xb fs/built-in.o

.rel.dyn        0x00000000403063a4        0x0
 .rel.iplt      0x00000000403063a4        0x0 arch/arm/cpu/armv7/start.o
                0x00000000403063a4                . = ALIGN (0x4)

.data           0x00000000403063a4      0x866
 *(SORT(.data*))
 .data.dpll_mpu_opp100
                0x00000000403063a4       0x10 arch/arm/mach-omap2/built-in.o
                0x00000000403063a4                dpll_mpu_opp100
 .data.cstat    0x00000000403063b4        0x4 arch/arm/mach-omap2/built-in.o
                0x00000000403063b4                cstat
 .data.musb_config
                0x00000000403063b8       0x18 arch/arm/mach-omap2/built-in.o
 .data.otg1_board_data
                0x00000000403063d0       0x14 arch/arm/mach-omap2/built-in.o
                0x00000000403063d0                otg1_board_data
 .data.otg1_plat
                0x00000000403063e4       0x20 arch/arm/mach-omap2/built-in.o
 .data.otg0_board_data
                0x0000000040306404       0x14 arch/arm/mach-omap2/built-in.o
                0x0000000040306404                otg0_board_data
 .data.otg0_plat
                0x0000000040306418       0x20 arch/arm/mach-omap2/built-in.o
 .data.ctrl     0x0000000040306438        0x4 arch/arm/mach-omap2/built-in.o
                0x0000000040306438                ctrl
 .data.gpmc_cfg
                0x000000004030643c        0x4 arch/arm/mach-omap2/built-in.o
                0x000000004030643c                gpmc_cfg
 .data.spi0_pin_mux
                0x0000000040306440       0x28 board/ti/am335x/built-in.o
 .data.gpio0_18_pin_mux
                0x0000000040306468       0x10 board/ti/am335x/built-in.o
 .data.nand_pin_mux
                0x0000000040306478       0x80 board/ti/am335x/built-in.o
 .data.rmii1_pin_mux
                0x00000000403064f8       0x58 board/ti/am335x/built-in.o
 .data.mmc1_pin_mux
                0x0000000040306550       0x48 board/ti/am335x/built-in.o
 .data.mii1_pin_mux
                0x0000000040306598       0x80 board/ti/am335x/built-in.o
 .data.i2c0_pin_mux
                0x0000000040306618       0x18 board/ti/am335x/built-in.o
 .data.gpio0_7_pin_mux
                0x0000000040306630       0x10 board/ti/am335x/built-in.o
 .data.mmc0_pin_mux_sk_evm
                0x0000000040306640       0x40 board/ti/am335x/built-in.o
 .data.uart3_icev2_pin_mux
                0x0000000040306680       0x18 board/ti/am335x/built-in.o
 .data.rgmii1_pin_mux
                0x0000000040306698       0x78 board/ti/am335x/built-in.o
 .data.mmc0_no_cd_pin_mux
                0x0000000040306710       0x40 board/ti/am335x/built-in.o
 .data.i2c1_pin_mux
                0x0000000040306750       0x18 board/ti/am335x/built-in.o
 .data.mmc0_pin_mux
                0x0000000040306768       0x48 board/ti/am335x/built-in.o
 .data.uart0_pin_mux
                0x00000000403067b0       0x18 board/ti/am335x/built-in.o
 .data.ddr3_evm_emif_reg_data
                0x00000000403067c8       0x70 board/ti/am335x/built-in.o
 .data.ddr3_emif_reg_data
                0x0000000040306838       0x70 board/ti/am335x/built-in.o
 .data.ddr3_beagleblack_emif_reg_data
                0x00000000403068a8       0x70 board/ti/am335x/built-in.o
 .data.ddr3_icev2_emif_reg_data
                0x0000000040306918       0x70 board/ti/am335x/built-in.o
 .data          0x0000000040306988       0x50 common/spl/built-in.o
 .data.env_htab
                0x00000000403069d8       0x10 env/built-in.o
                0x00000000403069d8                env_htab
 .data.first_call
                0x00000000403069e8        0x8 env/built-in.o
 .data.cur_dev_num
                0x00000000403069f0        0x4 drivers/built-in.o
 .data.musb_dsps_ops
                0x00000000403069f4       0x24 drivers/built-in.o
                0x00000000403069f4                musb_dsps_ops
 .data.wdt_trgr_pattern
                0x0000000040306a18        0x4 drivers/built-in.o
 .data.ext4fs_indir1_blkno
                0x0000000040306a1c        0x4 fs/built-in.o
                0x0000000040306a1c                ext4fs_indir1_blkno
 .data.ext4fs_indir2_blkno
                0x0000000040306a20        0x4 fs/built-in.o
                0x0000000040306a20                ext4fs_indir2_blkno
 .data.ext4fs_indir3_blkno
                0x0000000040306a24        0x4 fs/built-in.o
                0x0000000040306a24                ext4fs_indir3_blkno
 .data.mode_3_cfg
                0x0000000040306a28       0x24 drivers/built-in.o
 .data.mode_4_cfg
                0x0000000040306a4c       0xa2 drivers/built-in.o
 .data.mode_5_cfg
                0x0000000040306aee       0xa2 drivers/built-in.o
 .data.mode_0_cfg
                0x0000000040306b90       0x1e drivers/built-in.o
 .data.ep0_cfg  0x0000000040306bae        0x6 drivers/built-in.o
 .data.mode_1_cfg
                0x0000000040306bb4       0x1e drivers/built-in.o
 .data.mode_2_cfg
                0x0000000040306bd2       0x24 drivers/built-in.o
 .data.fifo_mode
                0x0000000040306bf6        0x2 drivers/built-in.o
 .data.gpmc_cs0_flash
                0x0000000040306bf8        0x1 arch/arm/mach-omap2/built-in.o
                0x0000000040306bf8                gpmc_cs0_flash
 .data.first_time.12996
                0x0000000040306bf9        0x1 board/ti/am335x/built-in.o
 .data.system_guid
                0x0000000040306bfa       0x10 disk/built-in.o

.igot.plt       0x0000000040306c0c        0x0
 .igot.plt      0x0000000040306c0c        0x0 arch/arm/cpu/armv7/start.o

.__bss_end      0x0000000040306c0a        0x0
 .__bss_end     0x0000000040306c0a        0x0 arch/arm/lib/built-in.o

.__bss_start    0x0000000040306c0a        0x0